mode: set
github.com/nsxbet/sql-schema/util/engine/default/comparer.go:18.55,22.2 1 0
github.com/nsxbet/sql-schema/util/engine/default/comparer.go:25.50,27.2 1 0
github.com/nsxbet/sql-schema/util/engine/default/comparer.go:30.63,32.2 1 0
github.com/nsxbet/sql-schema/util/engine/default/comparer.go:35.53,37.2 1 0
github.com/nsxbet/sql-schema/util/engine/default/comparer.go:40.59,42.2 1 0
github.com/nsxbet/sql-schema/util/engine/default/comparer.go:45.51,47.2 1 0
github.com/nsxbet/sql-schema/util/engine/default/comparer.go:50.55,52.2 1 0
github.com/nsxbet/sql-schema/util/engine/default/comparer.go:55.61,57.2 1 0
github.com/nsxbet/sql-schema/util/engine/default/comparer.go:60.59,62.2 1 0
github.com/nsxbet/sql-schema/util/engine/default/comparer.go:68.100,72.2 3 0
github.com/nsxbet/sql-schema/util/engine/default/comparer.go:75.74,77.2 1 0
github.com/nsxbet/sql-schema/util/engine/default/comparer.go:83.110,86.40 2 0
github.com/nsxbet/sql-schema/util/engine/default/comparer.go:86.40,88.3 1 0
github.com/nsxbet/sql-schema/util/engine/default/comparer.go:88.8,88.47 1 0
github.com/nsxbet/sql-schema/util/engine/default/comparer.go:88.47,90.3 1 0
github.com/nsxbet/sql-schema/util/engine/default/comparer.go:90.8,90.47 1 0
github.com/nsxbet/sql-schema/util/engine/default/comparer.go:90.47,92.42 1 0
github.com/nsxbet/sql-schema/util/engine/default/comparer.go:92.42,94.4 1 0
github.com/nsxbet/sql-schema/util/engine/default/comparer.go:94.9,97.4 1 0
github.com/nsxbet/sql-schema/util/engine/default/comparer.go:100.2,104.8 1 0
github.com/nsxbet/sql-schema/util/engine/default/comparer.go:107.80,108.28 1 0
github.com/nsxbet/sql-schema/util/engine/default/comparer.go:108.28,110.3 1 0
github.com/nsxbet/sql-schema/util/engine/default/comparer.go:111.2,111.28 1 0
github.com/nsxbet/sql-schema/util/engine/default/comparer.go:111.28,113.3 1 0
github.com/nsxbet/sql-schema/util/engine/default/comparer.go:114.2,114.34 1 0
github.com/nsxbet/sql-schema/util/engine/default/comparer.go:114.34,116.3 1 0
github.com/nsxbet/sql-schema/util/engine/default/comparer.go:117.2,117.32 1 0
github.com/nsxbet/sql-schema/util/engine/default/comparer.go:117.32,119.3 1 0
github.com/nsxbet/sql-schema/util/engine/default/comparer.go:120.2,120.52 1 0
github.com/nsxbet/sql-schema/util/engine/default/comparer.go:120.52,122.3 1 0
github.com/nsxbet/sql-schema/util/engine/default/comparer.go:123.2,123.34 1 0
github.com/nsxbet/sql-schema/util/engine/default/comparer.go:123.34,124.49 1 0
github.com/nsxbet/sql-schema/util/engine/default/comparer.go:124.49,126.4 1 0
github.com/nsxbet/sql-schema/util/engine/default/comparer.go:128.2,128.42 1 0
github.com/nsxbet/sql-schema/util/engine/default/comparer.go:128.42,130.3 1 0
github.com/nsxbet/sql-schema/util/engine/default/comparer.go:131.2,131.13 1 0
github.com/nsxbet/sql-schema/util/engine/default/comparer.go:135.81,137.2 1 0
github.com/nsxbet/sql-schema/util/engine/default/comparer.go:140.86,144.15 3 0
github.com/nsxbet/sql-schema/util/engine/default/comparer.go:144.15,146.3 1 0
github.com/nsxbet/sql-schema/util/engine/default/comparer.go:147.2,147.46 1 0
github.com/nsxbet/sql-schema/util/engine/default/comparer.go:154.85,155.34 1 0
github.com/nsxbet/sql-schema/util/engine/default/comparer.go:155.34,157.3 1 0
github.com/nsxbet/sql-schema/util/engine/default/comparer.go:158.2,158.49 1 0
github.com/nsxbet/sql-schema/util/engine/default/comparer.go:162.130,165.46 2 0
github.com/nsxbet/sql-schema/util/engine/default/comparer.go:165.46,167.3 1 0
github.com/nsxbet/sql-schema/util/engine/default/comparer.go:169.2,171.20 2 0
github.com/nsxbet/sql-schema/util/engine/default/comparer.go:175.86,177.2 1 0
github.com/nsxbet/sql-schema/util/engine/default/comparer.go:180.99,183.2 1 0
github.com/nsxbet/sql-schema/util/engine/default/comparer.go:189.114,192.46 2 0
github.com/nsxbet/sql-schema/util/engine/default/comparer.go:192.46,194.3 1 0
github.com/nsxbet/sql-schema/util/engine/default/comparer.go:196.2,196.40 1 0
github.com/nsxbet/sql-schema/util/engine/default/comparer.go:196.40,198.3 1 0
github.com/nsxbet/sql-schema/util/engine/default/comparer.go:200.2,202.20 2 0
github.com/nsxbet/sql-schema/util/engine/default/comparer.go:206.146,209.42 2 0
github.com/nsxbet/sql-schema/util/engine/default/comparer.go:209.42,213.3 2 0
github.com/nsxbet/sql-schema/util/engine/default/comparer.go:215.2,215.36 1 0
github.com/nsxbet/sql-schema/util/engine/default/comparer.go:215.36,217.3 1 0
github.com/nsxbet/sql-schema/util/engine/default/comparer.go:219.2,219.20 1 0
github.com/nsxbet/sql-schema/util/engine/default/comparer.go:223.90,226.2 1 0
github.com/nsxbet/sql-schema/util/engine/default/comparer.go:232.109,234.36 2 0
github.com/nsxbet/sql-schema/util/engine/default/comparer.go:234.36,236.3 1 0
github.com/nsxbet/sql-schema/util/engine/default/comparer.go:236.8,236.43 1 0
github.com/nsxbet/sql-schema/util/engine/default/comparer.go:236.43,238.3 1 0
github.com/nsxbet/sql-schema/util/engine/default/comparer.go:238.8,238.43 1 0
github.com/nsxbet/sql-schema/util/engine/default/comparer.go:238.43,239.38 1 0
github.com/nsxbet/sql-schema/util/engine/default/comparer.go:239.38,241.4 1 0
github.com/nsxbet/sql-schema/util/engine/default/comparer.go:241.9,243.4 1 0
github.com/nsxbet/sql-schema/util/engine/default/comparer.go:246.2,250.8 1 0
github.com/nsxbet/sql-schema/util/engine/default/comparer.go:253.82,254.28 1 0
github.com/nsxbet/sql-schema/util/engine/default/comparer.go:254.28,256.3 1 0
github.com/nsxbet/sql-schema/util/engine/default/comparer.go:257.2,257.47 1 0
github.com/nsxbet/sql-schema/util/engine/default/comparer.go:257.47,259.3 1 0
github.com/nsxbet/sql-schema/util/engine/default/comparer.go:260.2,260.36 1 0
github.com/nsxbet/sql-schema/util/engine/default/comparer.go:260.36,262.3 1 0
github.com/nsxbet/sql-schema/util/engine/default/comparer.go:263.2,263.34 1 0
github.com/nsxbet/sql-schema/util/engine/default/comparer.go:263.34,265.3 1 0
github.com/nsxbet/sql-schema/util/engine/default/comparer.go:266.2,266.13 1 0
github.com/nsxbet/sql-schema/util/engine/default/comparer.go:270.73,274.2 3 0
github.com/nsxbet/sql-schema/util/engine/default/comparer.go:277.67,279.2 1 0
github.com/nsxbet/sql-schema/util/engine/default/comparer.go:285.123,287.38 2 0
github.com/nsxbet/sql-schema/util/engine/default/comparer.go:287.38,289.3 1 0
github.com/nsxbet/sql-schema/util/engine/default/comparer.go:289.8,289.45 1 0
github.com/nsxbet/sql-schema/util/engine/default/comparer.go:289.45,291.3 1 0
github.com/nsxbet/sql-schema/util/engine/default/comparer.go:291.8,291.45 1 0
github.com/nsxbet/sql-schema/util/engine/default/comparer.go:291.45,292.47 1 0
github.com/nsxbet/sql-schema/util/engine/default/comparer.go:292.47,294.4 1 0
github.com/nsxbet/sql-schema/util/engine/default/comparer.go:294.9,296.4 1 0
github.com/nsxbet/sql-schema/util/engine/default/comparer.go:299.2,305.44 2 0
github.com/nsxbet/sql-schema/util/engine/default/comparer.go:305.44,308.3 2 0
github.com/nsxbet/sql-schema/util/engine/default/comparer.go:310.2,310.20 1 0
github.com/nsxbet/sql-schema/util/engine/default/comparer.go:314.102,317.2 1 0
github.com/nsxbet/sql-schema/util/engine/default/comparer.go:323.117,325.36 2 0
github.com/nsxbet/sql-schema/util/engine/default/comparer.go:325.36,327.3 1 0
github.com/nsxbet/sql-schema/util/engine/default/comparer.go:327.8,327.43 1 0
github.com/nsxbet/sql-schema/util/engine/default/comparer.go:327.43,329.3 1 0
github.com/nsxbet/sql-schema/util/engine/default/comparer.go:329.8,329.43 1 0
github.com/nsxbet/sql-schema/util/engine/default/comparer.go:329.43,330.40 1 0
github.com/nsxbet/sql-schema/util/engine/default/comparer.go:330.40,332.4 1 0
github.com/nsxbet/sql-schema/util/engine/default/comparer.go:332.9,334.4 1 0
github.com/nsxbet/sql-schema/util/engine/default/comparer.go:337.2,343.44 2 0
github.com/nsxbet/sql-schema/util/engine/default/comparer.go:343.44,345.3 1 0
github.com/nsxbet/sql-schema/util/engine/default/comparer.go:347.2,347.20 1 0
github.com/nsxbet/sql-schema/util/engine/default/comparer.go:350.88,357.2 1 0
github.com/nsxbet/sql-schema/util/engine/default/comparer.go:359.121,360.34 1 0
github.com/nsxbet/sql-schema/util/engine/default/comparer.go:360.34,362.3 1 0
github.com/nsxbet/sql-schema/util/engine/default/comparer.go:363.2,363.42 1 0
github.com/nsxbet/sql-schema/util/engine/default/comparer.go:363.42,365.3 1 0
github.com/nsxbet/sql-schema/util/engine/default/comparer.go:366.2,366.30 1 0
github.com/nsxbet/sql-schema/util/engine/default/comparer.go:366.30,368.3 1 0
github.com/nsxbet/sql-schema/util/engine/default/comparer.go:369.2,369.30 1 0
github.com/nsxbet/sql-schema/util/engine/default/comparer.go:369.30,371.3 1 0
github.com/nsxbet/sql-schema/util/engine/default/comparer.go:372.2,372.34 1 0
github.com/nsxbet/sql-schema/util/engine/default/comparer.go:372.34,374.3 1 0
github.com/nsxbet/sql-schema/util/engine/default/comparer.go:375.2,375.34 1 0
github.com/nsxbet/sql-schema/util/engine/default/comparer.go:375.34,377.3 1 0
github.com/nsxbet/sql-schema/util/engine/engine.go:22.33,24.2 1 0
github.com/nsxbet/sql-schema/util/engine/engine.go:27.32,28.11 1 0
github.com/nsxbet/sql-schema/util/engine/engine.go:29.39,30.14 1 0
github.com/nsxbet/sql-schema/util/engine/engine.go:31.10,32.15 1 0
github.com/nsxbet/sql-schema/util/engine/engine.go:37.37,39.2 1 0
github.com/nsxbet/sql-schema/util/engine/engine.go:43.40,44.11 1 0
github.com/nsxbet/sql-schema/util/engine/engine.go:45.39,46.15 1 0
github.com/nsxbet/sql-schema/util/engine/engine.go:47.10,48.14 1 0
github.com/nsxbet/sql-schema/util/engine/engine.go:53.35,54.11 1 0
github.com/nsxbet/sql-schema/util/engine/engine.go:55.33,56.15 1 0
github.com/nsxbet/sql-schema/util/engine/engine.go:57.72,58.20 1 0
github.com/nsxbet/sql-schema/util/engine/engine.go:59.39,60.17 1 0
github.com/nsxbet/sql-schema/util/engine/engine.go:61.30,62.14 1 0
github.com/nsxbet/sql-schema/util/engine/engine.go:63.45,64.19 1 0
github.com/nsxbet/sql-schema/util/engine/engine.go:65.10,66.17 1 0
github.com/nsxbet/sql-schema/util/engine/registry.go:16.30,20.2 1 0
github.com/nsxbet/sql-schema/util/engine/registry.go:24.63,28.2 3 0
github.com/nsxbet/sql-schema/util/engine/registry.go:32.57,37.9 4 0
github.com/nsxbet/sql-schema/util/engine/registry.go:37.9,39.3 1 0
github.com/nsxbet/sql-schema/util/engine/registry.go:40.2,40.22 1 0
github.com/nsxbet/sql-schema/util/engine/registry.go:44.44,49.2 4 0
github.com/nsxbet/sql-schema/util/engine/registry.go:52.46,56.2 3 0
github.com/nsxbet/sql-schema/util/engine/registry.go:59.43,64.34 4 0
github.com/nsxbet/sql-schema/util/engine/registry.go:64.34,66.3 1 0
github.com/nsxbet/sql-schema/util/engine/registry.go:67.2,67.16 1 0
github.com/nsxbet/sql-schema/util/engine/registry.go:74.49,76.2 1 0
github.com/nsxbet/sql-schema/util/engine/registry.go:79.43,81.2 1 0
github.com/nsxbet/sql-schema/util/engine/registry.go:84.30,86.2 1 0
github.com/nsxbet/sql-schema/util/engine/registry.go:89.32,91.2 1 0
github.com/nsxbet/sql-schema/util/engine/registry.go:94.29,96.2 1 0
github.com/nsxbet/sql-schema/util/engine/registry.go:100.30,102.2 1 0
github.com/nsxbet/sql-schema/util/engine/mysql/comparer.go:21.30,29.2 2 0
github.com/nsxbet/sql-schema/util/engine/mysql/comparer.go:32.59,34.2 1 0
github.com/nsxbet/sql-schema/util/engine/mysql/comparer.go:37.51,39.2 1 0
github.com/nsxbet/sql-schema/util/engine/mysql/comparer.go:42.55,44.2 1 0
github.com/nsxbet/sql-schema/util/engine/mysql/comparer.go:52.42,56.2 1 0
github.com/nsxbet/sql-schema/util/engine/mysql/comparer.go:63.69,68.20 3 0
github.com/nsxbet/sql-schema/util/engine/mysql/comparer.go:68.20,70.3 1 0
github.com/nsxbet/sql-schema/util/engine/mysql/comparer.go:73.2,81.43 2 0
github.com/nsxbet/sql-schema/util/engine/mysql/comparer.go:81.43,84.25 3 0
github.com/nsxbet/sql-schema/util/engine/mysql/comparer.go:84.25,86.4 1 0
github.com/nsxbet/sql-schema/util/engine/mysql/comparer.go:89.2,89.14 1 0
github.com/nsxbet/sql-schema/util/engine/mysql/comparer.go:93.63,102.2 4 0
github.com/nsxbet/sql-schema/util/engine/mysql/comparer.go:105.105,107.36 2 0
github.com/nsxbet/sql-schema/util/engine/mysql/comparer.go:107.36,109.3 1 0
github.com/nsxbet/sql-schema/util/engine/mysql/comparer.go:109.8,109.43 1 0
github.com/nsxbet/sql-schema/util/engine/mysql/comparer.go:109.43,111.3 1 0
github.com/nsxbet/sql-schema/util/engine/mysql/comparer.go:111.8,111.43 1 0
github.com/nsxbet/sql-schema/util/engine/mysql/comparer.go:111.43,112.38 1 0
github.com/nsxbet/sql-schema/util/engine/mysql/comparer.go:112.38,114.4 1 0
github.com/nsxbet/sql-schema/util/engine/mysql/comparer.go:114.9,116.4 1 0
github.com/nsxbet/sql-schema/util/engine/mysql/comparer.go:119.2,123.8 1 0
github.com/nsxbet/sql-schema/util/engine/mysql/comparer.go:126.78,127.28 1 0
github.com/nsxbet/sql-schema/util/engine/mysql/comparer.go:127.28,129.3 1 0
github.com/nsxbet/sql-schema/util/engine/mysql/comparer.go:130.2,130.47 1 0
github.com/nsxbet/sql-schema/util/engine/mysql/comparer.go:130.47,132.3 1 0
github.com/nsxbet/sql-schema/util/engine/mysql/comparer.go:133.2,133.36 1 0
github.com/nsxbet/sql-schema/util/engine/mysql/comparer.go:133.36,135.3 1 0
github.com/nsxbet/sql-schema/util/engine/mysql/comparer.go:136.2,136.34 1 0
github.com/nsxbet/sql-schema/util/engine/mysql/comparer.go:136.34,138.3 1 0
github.com/nsxbet/sql-schema/util/engine/mysql/comparer.go:139.2,139.34 1 0
github.com/nsxbet/sql-schema/util/engine/mysql/comparer.go:139.34,141.3 1 0
github.com/nsxbet/sql-schema/util/engine/mysql/comparer.go:142.2,142.36 1 0
github.com/nsxbet/sql-schema/util/engine/mysql/comparer.go:142.36,144.3 1 0
github.com/nsxbet/sql-schema/util/engine/mysql/comparer.go:147.2,147.58 1 0
github.com/nsxbet/sql-schema/util/engine/mysql/comparer.go:147.58,149.3 1 0
github.com/nsxbet/sql-schema/util/engine/mysql/comparer.go:150.2,150.54 1 0
github.com/nsxbet/sql-schema/util/engine/mysql/comparer.go:150.54,151.58 1 0
github.com/nsxbet/sql-schema/util/engine/mysql/comparer.go:151.58,153.4 1 0
github.com/nsxbet/sql-schema/util/engine/mysql/comparer.go:156.2,156.13 1 0
github.com/nsxbet/sql-schema/util/engine/mysql/comparer.go:159.66,162.2 1 0
github.com/nsxbet/sql-schema/util/engine/mysql/comparer.go:171.46,176.2 1 0
github.com/nsxbet/sql-schema/util/engine/mysql/comparer.go:179.81,180.34 1 0
github.com/nsxbet/sql-schema/util/engine/mysql/comparer.go:180.34,182.3 1 0
github.com/nsxbet/sql-schema/util/engine/mysql/comparer.go:185.2,185.40 1 0
github.com/nsxbet/sql-schema/util/engine/mysql/comparer.go:185.40,187.3 1 0
github.com/nsxbet/sql-schema/util/engine/mysql/comparer.go:188.2,188.62 1 0
github.com/nsxbet/sql-schema/util/engine/mysql/comparer.go:188.62,190.3 1 0
github.com/nsxbet/sql-schema/util/engine/mysql/comparer.go:191.2,191.64 1 0
github.com/nsxbet/sql-schema/util/engine/mysql/comparer.go:191.64,193.3 1 0
github.com/nsxbet/sql-schema/util/engine/mysql/comparer.go:196.2,200.14 2 0
github.com/nsxbet/sql-schema/util/engine/mysql/comparer.go:204.126,214.12 3 0
github.com/nsxbet/sql-schema/util/engine/mysql/comparer.go:214.12,216.3 1 0
github.com/nsxbet/sql-schema/util/engine/mysql/comparer.go:219.2,219.40 1 0
github.com/nsxbet/sql-schema/util/engine/mysql/comparer.go:219.40,222.3 2 0
github.com/nsxbet/sql-schema/util/engine/mysql/comparer.go:223.2,223.62 1 0
github.com/nsxbet/sql-schema/util/engine/mysql/comparer.go:223.62,226.3 2 0
github.com/nsxbet/sql-schema/util/engine/mysql/comparer.go:227.2,227.64 1 0
github.com/nsxbet/sql-schema/util/engine/mysql/comparer.go:227.64,230.3 2 0
github.com/nsxbet/sql-schema/util/engine/mysql/comparer.go:233.2,235.20 2 0
github.com/nsxbet/sql-schema/util/engine/mysql/comparer.go:238.49,239.26 1 0
github.com/nsxbet/sql-schema/util/engine/mysql/comparer.go:239.26,240.16 1 0
github.com/nsxbet/sql-schema/util/engine/mysql/comparer.go:240.16,242.4 1 0
github.com/nsxbet/sql-schema/util/engine/mysql/comparer.go:244.2,244.14 1 0
github.com/nsxbet/sql-schema/util/engine/mysql/expression.go:17.50,19.2 1 0
github.com/nsxbet/sql-schema/util/engine/mysql/expression.go:22.96,24.58 1 0
github.com/nsxbet/sql-schema/util/engine/mysql/expression.go:24.58,26.3 1 0
github.com/nsxbet/sql-schema/util/engine/mysql/expression.go:29.2,33.20 3 0
github.com/nsxbet/sql-schema/util/engine/mysql/expression.go:33.20,35.3 1 0
github.com/nsxbet/sql-schema/util/engine/mysql/expression.go:38.2,38.43 1 0
github.com/nsxbet/sql-schema/util/engine/mysql/expression.go:46.70,59.2 5 0
github.com/nsxbet/sql-schema/util/engine/mysql/expression.go:63.72,67.2 1 0
github.com/nsxbet/sql-schema/util/engine/mysql/expression.go:72.84,79.2 3 0
github.com/nsxbet/sql-schema/util/engine/mysql/expression.go:83.47,92.32 5 0
github.com/nsxbet/sql-schema/util/engine/mysql/expression.go:92.32,94.20 2 0
github.com/nsxbet/sql-schema/util/engine/mysql/expression.go:94.20,97.24 2 0
github.com/nsxbet/sql-schema/util/engine/mysql/expression.go:97.24,99.5 1 0
github.com/nsxbet/sql-schema/util/engine/mysql/expression.go:99.10,101.5 1 0
github.com/nsxbet/sql-schema/util/engine/mysql/expression.go:105.2,105.15 1 0
github.com/nsxbet/sql-schema/util/engine/mysql/expression.go:110.60,112.34 1 0
github.com/nsxbet/sql-schema/util/engine/mysql/expression.go:112.34,114.3 1 0
github.com/nsxbet/sql-schema/util/engine/mysql/expression.go:117.2,117.36 1 0
github.com/nsxbet/sql-schema/util/engine/mysql/expression.go:117.36,118.43 1 0
github.com/nsxbet/sql-schema/util/engine/mysql/expression.go:118.43,120.4 1 0
github.com/nsxbet/sql-schema/util/engine/mysql/expression.go:123.2,123.13 1 0
github.com/nsxbet/sql-schema/util/engine/mysql/expression.go:128.46,130.22 1 0
github.com/nsxbet/sql-schema/util/engine/mysql/expression.go:130.22,132.3 1 0
github.com/nsxbet/sql-schema/util/engine/mysql/expression.go:135.2,135.44 1 0
github.com/nsxbet/sql-schema/util/engine/mysql/expression.go:135.44,137.3 1 0
github.com/nsxbet/sql-schema/util/engine/mysql/expression.go:140.2,140.46 1 0
github.com/nsxbet/sql-schema/util/engine/mysql/expression.go:140.46,142.3 1 0
github.com/nsxbet/sql-schema/util/engine/mysql/expression.go:145.2,145.70 1 0
github.com/nsxbet/sql-schema/util/engine/mysql/expression.go:145.70,147.3 1 0
github.com/nsxbet/sql-schema/util/engine/mysql/expression.go:148.2,148.71 1 0
github.com/nsxbet/sql-schema/util/engine/mysql/expression.go:148.71,150.3 1 0
github.com/nsxbet/sql-schema/util/engine/mysql/expression.go:151.2,151.71 1 0
github.com/nsxbet/sql-schema/util/engine/mysql/expression.go:151.71,153.3 1 0
github.com/nsxbet/sql-schema/util/engine/mysql/expression.go:155.2,155.14 1 0
github.com/nsxbet/sql-schema/util/engine/mysql/expression.go:159.35,173.2 2 0
github.com/nsxbet/sql-schema/util/engine/mysql/expression.go:176.36,178.31 2 0
github.com/nsxbet/sql-schema/util/engine/mysql/expression.go:178.31,179.18 1 0
github.com/nsxbet/sql-schema/util/engine/mysql/expression.go:179.18,181.4 1 0
github.com/nsxbet/sql-schema/util/engine/mysql/expression.go:183.2,183.14 1 0
github.com/nsxbet/sql-schema/util/engine/mysql/expression.go:187.42,189.30 1 0
github.com/nsxbet/sql-schema/util/engine/mysql/expression.go:189.30,191.3 1 0
github.com/nsxbet/sql-schema/util/engine/mysql/expression.go:192.2,192.11 1 0
github.com/nsxbet/sql-schema/util/engine/mysql/expression.go:199.45,205.2 3 0
github.com/nsxbet/sql-schema/util/engine/mysql/expression.go:208.46,223.2 10 0
github.com/nsxbet/sql-schema/util/engine/mysql/init.go:7.13,14.2 4 0
github.com/nsxbet/sql-schema/util/engine/postgres/comparer.go:22.30,31.2 2 0
github.com/nsxbet/sql-schema/util/engine/postgres/comparer.go:34.59,36.2 1 0
github.com/nsxbet/sql-schema/util/engine/postgres/comparer.go:39.55,41.2 1 0
github.com/nsxbet/sql-schema/util/engine/postgres/comparer.go:44.47,46.2 1 0
github.com/nsxbet/sql-schema/util/engine/postgres/comparer.go:49.51,51.2 1 0
github.com/nsxbet/sql-schema/util/engine/postgres/comparer.go:60.46,65.2 1 0
github.com/nsxbet/sql-schema/util/engine/postgres/comparer.go:68.81,69.34 1 0
github.com/nsxbet/sql-schema/util/engine/postgres/comparer.go:69.34,71.3 1 0
github.com/nsxbet/sql-schema/util/engine/postgres/comparer.go:74.2,78.14 2 0
github.com/nsxbet/sql-schema/util/engine/postgres/comparer.go:82.126,91.12 3 0
github.com/nsxbet/sql-schema/util/engine/postgres/comparer.go:91.12,93.3 1 0
github.com/nsxbet/sql-schema/util/engine/postgres/comparer.go:96.2,98.20 2 0
github.com/nsxbet/sql-schema/util/engine/postgres/comparer.go:102.82,107.21 3 0
github.com/nsxbet/sql-schema/util/engine/postgres/comparer.go:107.21,109.3 1 0
github.com/nsxbet/sql-schema/util/engine/postgres/comparer.go:112.2,113.22 2 0
github.com/nsxbet/sql-schema/util/engine/postgres/comparer.go:113.22,115.3 1 0
github.com/nsxbet/sql-schema/util/engine/postgres/comparer.go:118.2,119.20 2 0
github.com/nsxbet/sql-schema/util/engine/postgres/comparer.go:119.20,121.3 1 0
github.com/nsxbet/sql-schema/util/engine/postgres/comparer.go:123.2,124.37 2 0
github.com/nsxbet/sql-schema/util/engine/postgres/comparer.go:129.95,136.2 3 0
github.com/nsxbet/sql-schema/util/engine/postgres/comparer.go:145.38,150.2 1 0
github.com/nsxbet/sql-schema/util/engine/postgres/comparer.go:153.110,162.12 3 0
github.com/nsxbet/sql-schema/util/engine/postgres/comparer.go:162.12,164.3 1 0
github.com/nsxbet/sql-schema/util/engine/postgres/comparer.go:166.2,166.40 1 0
github.com/nsxbet/sql-schema/util/engine/postgres/comparer.go:166.40,168.3 1 0
github.com/nsxbet/sql-schema/util/engine/postgres/comparer.go:171.2,173.20 2 0
github.com/nsxbet/sql-schema/util/engine/postgres/comparer.go:182.42,186.2 1 0
github.com/nsxbet/sql-schema/util/engine/postgres/comparer.go:193.69,198.20 3 0
github.com/nsxbet/sql-schema/util/engine/postgres/comparer.go:198.20,200.3 1 0
github.com/nsxbet/sql-schema/util/engine/postgres/comparer.go:203.2,217.43 2 0
github.com/nsxbet/sql-schema/util/engine/postgres/comparer.go:217.43,220.25 3 0
github.com/nsxbet/sql-schema/util/engine/postgres/comparer.go:220.25,222.4 1 0
github.com/nsxbet/sql-schema/util/engine/postgres/comparer.go:225.2,225.14 1 0
github.com/nsxbet/sql-schema/util/engine/postgres/comparer.go:229.63,234.54 2 0
github.com/nsxbet/sql-schema/util/engine/postgres/comparer.go:234.54,237.31 2 0
github.com/nsxbet/sql-schema/util/engine/postgres/comparer.go:237.31,239.4 1 0
github.com/nsxbet/sql-schema/util/engine/postgres/comparer.go:242.2,242.19 1 0
github.com/nsxbet/sql-schema/util/engine/postgres/comparer.go:246.105,248.36 2 0
github.com/nsxbet/sql-schema/util/engine/postgres/comparer.go:248.36,250.3 1 0
github.com/nsxbet/sql-schema/util/engine/postgres/comparer.go:250.8,250.43 1 0
github.com/nsxbet/sql-schema/util/engine/postgres/comparer.go:250.43,252.3 1 0
github.com/nsxbet/sql-schema/util/engine/postgres/comparer.go:252.8,252.43 1 0
github.com/nsxbet/sql-schema/util/engine/postgres/comparer.go:252.43,253.38 1 0
github.com/nsxbet/sql-schema/util/engine/postgres/comparer.go:253.38,255.4 1 0
github.com/nsxbet/sql-schema/util/engine/postgres/comparer.go:255.9,257.4 1 0
github.com/nsxbet/sql-schema/util/engine/postgres/comparer.go:260.2,264.8 1 0
github.com/nsxbet/sql-schema/util/engine/postgres/comparer.go:267.78,268.28 1 0
github.com/nsxbet/sql-schema/util/engine/postgres/comparer.go:268.28,270.3 1 0
github.com/nsxbet/sql-schema/util/engine/postgres/comparer.go:271.2,271.47 1 0
github.com/nsxbet/sql-schema/util/engine/postgres/comparer.go:271.47,273.3 1 0
github.com/nsxbet/sql-schema/util/engine/postgres/comparer.go:274.2,274.36 1 0
github.com/nsxbet/sql-schema/util/engine/postgres/comparer.go:274.36,276.3 1 0
github.com/nsxbet/sql-schema/util/engine/postgres/comparer.go:277.2,277.34 1 0
github.com/nsxbet/sql-schema/util/engine/postgres/comparer.go:277.34,279.3 1 0
github.com/nsxbet/sql-schema/util/engine/postgres/comparer.go:280.2,280.34 1 0
github.com/nsxbet/sql-schema/util/engine/postgres/comparer.go:280.34,282.3 1 0
github.com/nsxbet/sql-schema/util/engine/postgres/comparer.go:285.2,285.54 1 0
github.com/nsxbet/sql-schema/util/engine/postgres/comparer.go:285.54,287.3 1 0
github.com/nsxbet/sql-schema/util/engine/postgres/comparer.go:288.2,288.50 1 0
github.com/nsxbet/sql-schema/util/engine/postgres/comparer.go:288.50,289.53 1 0
github.com/nsxbet/sql-schema/util/engine/postgres/comparer.go:289.53,291.4 1 0
github.com/nsxbet/sql-schema/util/engine/postgres/comparer.go:294.2,294.13 1 0
github.com/nsxbet/sql-schema/util/engine/postgres/comparer.go:297.61,302.2 1 0
github.com/nsxbet/sql-schema/util/engine/postgres/comparer.go:304.49,305.26 1 0
github.com/nsxbet/sql-schema/util/engine/postgres/comparer.go:305.26,306.16 1 0
github.com/nsxbet/sql-schema/util/engine/postgres/comparer.go:306.16,308.4 1 0
github.com/nsxbet/sql-schema/util/engine/postgres/comparer.go:310.2,310.14 1 0
github.com/nsxbet/sql-schema/util/engine/postgres/comparer.go:313.42,315.34 2 0
github.com/nsxbet/sql-schema/util/engine/postgres/comparer.go:315.34,316.21 1 0
github.com/nsxbet/sql-schema/util/engine/postgres/comparer.go:316.21,318.4 1 0
github.com/nsxbet/sql-schema/util/engine/postgres/comparer.go:320.2,320.14 1 0
github.com/nsxbet/sql-schema/util/engine/postgres/expression.go:17.50,19.2 1 0
github.com/nsxbet/sql-schema/util/engine/postgres/expression.go:23.96,25.58 1 0
github.com/nsxbet/sql-schema/util/engine/postgres/expression.go:25.58,27.3 1 0
github.com/nsxbet/sql-schema/util/engine/postgres/expression.go:30.2,34.20 3 0
github.com/nsxbet/sql-schema/util/engine/postgres/expression.go:34.20,36.3 1 0
github.com/nsxbet/sql-schema/util/engine/postgres/expression.go:39.2,39.43 1 0
github.com/nsxbet/sql-schema/util/engine/postgres/expression.go:48.70,67.2 7 0
github.com/nsxbet/sql-schema/util/engine/postgres/expression.go:70.66,74.2 2 0
github.com/nsxbet/sql-schema/util/engine/postgres/expression.go:80.67,84.72 2 0
github.com/nsxbet/sql-schema/util/engine/postgres/expression.go:84.72,86.27 2 0
github.com/nsxbet/sql-schema/util/engine/postgres/expression.go:86.27,88.4 1 0
github.com/nsxbet/sql-schema/util/engine/postgres/expression.go:89.3,93.60 3 0
github.com/nsxbet/sql-schema/util/engine/postgres/expression.go:102.68,111.2 4 0
github.com/nsxbet/sql-schema/util/engine/postgres/expression.go:114.73,116.6 1 0
github.com/nsxbet/sql-schema/util/engine/postgres/expression.go:116.6,118.22 2 0
github.com/nsxbet/sql-schema/util/engine/postgres/expression.go:118.22,119.9 1 0
github.com/nsxbet/sql-schema/util/engine/postgres/expression.go:121.3,121.17 1 0
github.com/nsxbet/sql-schema/util/engine/postgres/expression.go:123.2,123.13 1 0
github.com/nsxbet/sql-schema/util/engine/postgres/expression.go:129.84,136.2 3 0
github.com/nsxbet/sql-schema/util/engine/postgres/expression.go:140.47,149.32 5 0
github.com/nsxbet/sql-schema/util/engine/postgres/expression.go:149.32,151.20 2 0
github.com/nsxbet/sql-schema/util/engine/postgres/expression.go:151.20,154.24 2 0
github.com/nsxbet/sql-schema/util/engine/postgres/expression.go:154.24,156.5 1 0
github.com/nsxbet/sql-schema/util/engine/postgres/expression.go:156.10,158.5 1 0
github.com/nsxbet/sql-schema/util/engine/postgres/expression.go:162.2,162.15 1 0
github.com/nsxbet/sql-schema/util/engine/postgres/expression.go:167.60,169.34 1 0
github.com/nsxbet/sql-schema/util/engine/postgres/expression.go:169.34,171.3 1 0
github.com/nsxbet/sql-schema/util/engine/postgres/expression.go:174.2,174.36 1 0
github.com/nsxbet/sql-schema/util/engine/postgres/expression.go:174.36,175.43 1 0
github.com/nsxbet/sql-schema/util/engine/postgres/expression.go:175.43,177.4 1 0
github.com/nsxbet/sql-schema/util/engine/postgres/expression.go:180.2,180.13 1 0
github.com/nsxbet/sql-schema/util/engine/postgres/expression.go:185.46,187.22 1 0
github.com/nsxbet/sql-schema/util/engine/postgres/expression.go:187.22,189.3 1 0
github.com/nsxbet/sql-schema/util/engine/postgres/expression.go:192.2,192.44 1 0
github.com/nsxbet/sql-schema/util/engine/postgres/expression.go:192.44,194.3 1 0
github.com/nsxbet/sql-schema/util/engine/postgres/expression.go:197.2,197.46 1 0
github.com/nsxbet/sql-schema/util/engine/postgres/expression.go:197.46,199.3 1 0
github.com/nsxbet/sql-schema/util/engine/postgres/expression.go:201.2,201.14 1 0
github.com/nsxbet/sql-schema/util/engine/postgres/expression.go:205.35,218.2 2 0
github.com/nsxbet/sql-schema/util/engine/postgres/expression.go:221.36,223.31 2 0
github.com/nsxbet/sql-schema/util/engine/postgres/expression.go:223.31,224.18 1 0
github.com/nsxbet/sql-schema/util/engine/postgres/expression.go:224.18,226.4 1 0
github.com/nsxbet/sql-schema/util/engine/postgres/expression.go:228.2,228.14 1 0
github.com/nsxbet/sql-schema/util/engine/postgres/expression.go:232.42,234.30 1 0
github.com/nsxbet/sql-schema/util/engine/postgres/expression.go:234.30,236.3 1 0
github.com/nsxbet/sql-schema/util/engine/postgres/expression.go:237.2,237.11 1 0
github.com/nsxbet/sql-schema/util/engine/postgres/expression.go:244.45,250.2 3 0
github.com/nsxbet/sql-schema/util/engine/postgres/expression.go:253.46,268.2 10 0
github.com/nsxbet/sql-schema/util/engine/postgres/expression.go:272.79,275.2 2 0
github.com/nsxbet/sql-schema/util/engine/postgres/init.go:7.13,10.2 1 0
github.com/nsxbet/sql-schema/util/compare.go:29.63,36.2 1 0
github.com/nsxbet/sql-schema/util/compare.go:40.131,41.17 1 1
github.com/nsxbet/sql-schema/util/compare.go:41.17,43.3 1 0
github.com/nsxbet/sql-schema/util/compare.go:46.2,47.16 2 1
github.com/nsxbet/sql-schema/util/compare.go:47.16,49.3 1 0
github.com/nsxbet/sql-schema/util/compare.go:51.2,59.43 3 1
github.com/nsxbet/sql-schema/util/compare.go:59.43,61.20 2 1
github.com/nsxbet/sql-schema/util/compare.go:61.20,63.12 1 0
github.com/nsxbet/sql-schema/util/compare.go:67.3,68.17 2 1
github.com/nsxbet/sql-schema/util/compare.go:68.17,70.4 1 0
github.com/nsxbet/sql-schema/util/compare.go:71.3,75.17 3 1
github.com/nsxbet/sql-schema/util/compare.go:75.17,77.4 1 0
github.com/nsxbet/sql-schema/util/compare.go:78.3,82.17 3 1
github.com/nsxbet/sql-schema/util/compare.go:82.17,84.4 1 0
github.com/nsxbet/sql-schema/util/compare.go:85.3,89.17 3 1
github.com/nsxbet/sql-schema/util/compare.go:89.17,91.4 1 0
github.com/nsxbet/sql-schema/util/compare.go:92.3,112.81 11 1
github.com/nsxbet/sql-schema/util/compare.go:116.2,116.43 1 1
github.com/nsxbet/sql-schema/util/compare.go:116.43,118.20 2 1
github.com/nsxbet/sql-schema/util/compare.go:118.20,127.40 2 1
github.com/nsxbet/sql-schema/util/compare.go:127.40,134.5 1 0
github.com/nsxbet/sql-schema/util/compare.go:141.2,143.20 2 1
github.com/nsxbet/sql-schema/util/compare.go:147.89,151.39 2 1
github.com/nsxbet/sql-schema/util/compare.go:151.39,152.52 1 1
github.com/nsxbet/sql-schema/util/compare.go:152.52,158.4 1 0
github.com/nsxbet/sql-schema/util/compare.go:162.2,162.39 1 1
github.com/nsxbet/sql-schema/util/compare.go:162.39,163.52 1 1
github.com/nsxbet/sql-schema/util/compare.go:163.52,169.4 1 1
github.com/nsxbet/sql-schema/util/compare.go:172.2,172.14 1 1
github.com/nsxbet/sql-schema/util/compare.go:176.167,181.30 3 1
github.com/nsxbet/sql-schema/util/compare.go:181.30,183.3 1 1
github.com/nsxbet/sql-schema/util/compare.go:185.2,186.30 2 1
github.com/nsxbet/sql-schema/util/compare.go:186.30,188.3 1 1
github.com/nsxbet/sql-schema/util/compare.go:191.2,191.37 1 1
github.com/nsxbet/sql-schema/util/compare.go:191.37,192.41 1 1
github.com/nsxbet/sql-schema/util/compare.go:192.41,199.4 1 1
github.com/nsxbet/sql-schema/util/compare.go:203.2,203.37 1 1
github.com/nsxbet/sql-schema/util/compare.go:203.37,205.14 2 1
github.com/nsxbet/sql-schema/util/compare.go:205.14,213.4 1 1
github.com/nsxbet/sql-schema/util/compare.go:213.9,216.18 2 1
github.com/nsxbet/sql-schema/util/compare.go:216.18,218.5 1 0
github.com/nsxbet/sql-schema/util/compare.go:219.4,219.50 1 1
github.com/nsxbet/sql-schema/util/compare.go:219.50,221.5 1 1
github.com/nsxbet/sql-schema/util/compare.go:225.2,225.19 1 1
github.com/nsxbet/sql-schema/util/compare.go:229.159,240.16 3 1
github.com/nsxbet/sql-schema/util/compare.go:240.16,242.3 1 0
github.com/nsxbet/sql-schema/util/compare.go:243.2,247.16 3 1
github.com/nsxbet/sql-schema/util/compare.go:247.16,249.3 1 0
github.com/nsxbet/sql-schema/util/compare.go:250.2,268.66 7 1
github.com/nsxbet/sql-schema/util/compare.go:268.66,270.3 1 0
github.com/nsxbet/sql-schema/util/compare.go:271.2,271.71 1 1
github.com/nsxbet/sql-schema/util/compare.go:271.71,273.3 1 0
github.com/nsxbet/sql-schema/util/compare.go:274.2,274.65 1 1
github.com/nsxbet/sql-schema/util/compare.go:274.65,276.3 1 0
github.com/nsxbet/sql-schema/util/compare.go:277.2,277.40 1 1
github.com/nsxbet/sql-schema/util/compare.go:277.40,279.3 1 0
github.com/nsxbet/sql-schema/util/compare.go:281.2,281.18 1 1
github.com/nsxbet/sql-schema/util/compare.go:285.129,290.31 3 1
github.com/nsxbet/sql-schema/util/compare.go:290.31,292.3 1 1
github.com/nsxbet/sql-schema/util/compare.go:294.2,295.31 2 1
github.com/nsxbet/sql-schema/util/compare.go:295.31,297.3 1 1
github.com/nsxbet/sql-schema/util/compare.go:300.2,300.35 1 1
github.com/nsxbet/sql-schema/util/compare.go:300.35,301.41 1 1
github.com/nsxbet/sql-schema/util/compare.go:301.41,303.18 2 0
github.com/nsxbet/sql-schema/util/compare.go:303.18,305.5 1 0
github.com/nsxbet/sql-schema/util/compare.go:306.4,306.19 1 0
github.com/nsxbet/sql-schema/util/compare.go:306.19,308.5 1 0
github.com/nsxbet/sql-schema/util/compare.go:313.2,313.35 1 1
github.com/nsxbet/sql-schema/util/compare.go:313.35,318.14 4 1
github.com/nsxbet/sql-schema/util/compare.go:318.14,320.4 1 1
github.com/nsxbet/sql-schema/util/compare.go:320.9,322.4 1 1
github.com/nsxbet/sql-schema/util/compare.go:324.3,324.17 1 1
github.com/nsxbet/sql-schema/util/compare.go:324.17,326.4 1 0
github.com/nsxbet/sql-schema/util/compare.go:327.3,327.18 1 1
github.com/nsxbet/sql-schema/util/compare.go:327.18,329.4 1 1
github.com/nsxbet/sql-schema/util/compare.go:332.2,332.19 1 1
github.com/nsxbet/sql-schema/util/compare.go:336.126,341.33 3 1
github.com/nsxbet/sql-schema/util/compare.go:341.33,343.3 1 1
github.com/nsxbet/sql-schema/util/compare.go:345.2,346.33 2 1
github.com/nsxbet/sql-schema/util/compare.go:346.33,348.3 1 1
github.com/nsxbet/sql-schema/util/compare.go:351.2,351.35 1 1
github.com/nsxbet/sql-schema/util/compare.go:351.35,352.41 1 1
github.com/nsxbet/sql-schema/util/compare.go:352.41,354.18 2 0
github.com/nsxbet/sql-schema/util/compare.go:354.18,356.5 1 0
github.com/nsxbet/sql-schema/util/compare.go:357.4,357.19 1 0
github.com/nsxbet/sql-schema/util/compare.go:357.19,359.5 1 0
github.com/nsxbet/sql-schema/util/compare.go:364.2,364.35 1 1
github.com/nsxbet/sql-schema/util/compare.go:364.35,369.14 4 1
github.com/nsxbet/sql-schema/util/compare.go:369.14,371.4 1 1
github.com/nsxbet/sql-schema/util/compare.go:371.9,373.4 1 1
github.com/nsxbet/sql-schema/util/compare.go:375.3,375.17 1 1
github.com/nsxbet/sql-schema/util/compare.go:375.17,377.4 1 0
github.com/nsxbet/sql-schema/util/compare.go:378.3,378.18 1 1
github.com/nsxbet/sql-schema/util/compare.go:378.18,380.4 1 1
github.com/nsxbet/sql-schema/util/compare.go:383.2,383.19 1 1
github.com/nsxbet/sql-schema/util/compare.go:387.126,392.37 4 1
github.com/nsxbet/sql-schema/util/compare.go:392.37,397.19 2 1
github.com/nsxbet/sql-schema/util/compare.go:397.19,403.12 2 0
github.com/nsxbet/sql-schema/util/compare.go:407.3,410.15 2 1
github.com/nsxbet/sql-schema/util/compare.go:410.15,416.12 2 0
github.com/nsxbet/sql-schema/util/compare.go:420.3,420.37 1 1
github.com/nsxbet/sql-schema/util/compare.go:423.2,423.48 1 1
github.com/nsxbet/sql-schema/util/compare.go:428.92,432.28 3 1
github.com/nsxbet/sql-schema/util/compare.go:432.28,434.3 1 0
github.com/nsxbet/sql-schema/util/compare.go:436.2,437.28 2 1
github.com/nsxbet/sql-schema/util/compare.go:437.28,439.3 1 0
github.com/nsxbet/sql-schema/util/compare.go:442.2,442.34 1 1
github.com/nsxbet/sql-schema/util/compare.go:442.34,443.41 1 0
github.com/nsxbet/sql-schema/util/compare.go:443.41,448.4 1 0
github.com/nsxbet/sql-schema/util/compare.go:452.2,452.34 1 1
github.com/nsxbet/sql-schema/util/compare.go:452.34,454.14 2 0
github.com/nsxbet/sql-schema/util/compare.go:454.14,459.4 1 0
github.com/nsxbet/sql-schema/util/compare.go:459.9,459.45 1 0
github.com/nsxbet/sql-schema/util/compare.go:459.45,465.4 1 0
github.com/nsxbet/sql-schema/util/compare.go:468.2,468.14 1 1
github.com/nsxbet/sql-schema/util/compare.go:471.64,472.48 1 0
github.com/nsxbet/sql-schema/util/compare.go:472.48,474.3 1 0
github.com/nsxbet/sql-schema/util/compare.go:475.2,475.42 1 0
github.com/nsxbet/sql-schema/util/compare.go:475.42,477.3 1 0
github.com/nsxbet/sql-schema/util/compare.go:478.2,478.29 1 0
github.com/nsxbet/sql-schema/util/compare.go:478.29,479.39 1 0
github.com/nsxbet/sql-schema/util/compare.go:479.39,481.4 1 0
github.com/nsxbet/sql-schema/util/compare.go:483.2,483.62 1 0
github.com/nsxbet/sql-schema/util/compare.go:483.62,485.3 1 0
github.com/nsxbet/sql-schema/util/compare.go:486.2,486.39 1 0
github.com/nsxbet/sql-schema/util/compare.go:486.39,487.59 1 0
github.com/nsxbet/sql-schema/util/compare.go:487.59,489.4 1 0
github.com/nsxbet/sql-schema/util/compare.go:491.2,491.66 1 0
github.com/nsxbet/sql-schema/util/compare.go:491.66,493.3 1 0
github.com/nsxbet/sql-schema/util/compare.go:494.2,494.13 1 0
github.com/nsxbet/sql-schema/util/compare.go:497.107,501.28 3 1
github.com/nsxbet/sql-schema/util/compare.go:501.28,503.3 1 0
github.com/nsxbet/sql-schema/util/compare.go:505.2,506.28 2 1
github.com/nsxbet/sql-schema/util/compare.go:506.28,508.3 1 0
github.com/nsxbet/sql-schema/util/compare.go:510.2,510.34 1 1
github.com/nsxbet/sql-schema/util/compare.go:510.34,511.41 1 0
github.com/nsxbet/sql-schema/util/compare.go:511.41,516.4 1 0
github.com/nsxbet/sql-schema/util/compare.go:519.2,519.34 1 1
github.com/nsxbet/sql-schema/util/compare.go:519.34,521.14 2 0
github.com/nsxbet/sql-schema/util/compare.go:521.14,526.4 1 0
github.com/nsxbet/sql-schema/util/compare.go:526.9,526.50 1 0
github.com/nsxbet/sql-schema/util/compare.go:526.50,532.4 1 0
github.com/nsxbet/sql-schema/util/compare.go:535.2,535.14 1 1
github.com/nsxbet/sql-schema/util/compare.go:538.93,542.32 3 1
github.com/nsxbet/sql-schema/util/compare.go:542.32,544.3 1 0
github.com/nsxbet/sql-schema/util/compare.go:546.2,547.32 2 1
github.com/nsxbet/sql-schema/util/compare.go:547.32,549.3 1 0
github.com/nsxbet/sql-schema/util/compare.go:551.2,551.39 1 1
github.com/nsxbet/sql-schema/util/compare.go:551.39,552.41 1 0
github.com/nsxbet/sql-schema/util/compare.go:552.41,557.4 1 0
github.com/nsxbet/sql-schema/util/compare.go:560.2,560.39 1 1
github.com/nsxbet/sql-schema/util/compare.go:560.39,562.14 2 0
github.com/nsxbet/sql-schema/util/compare.go:562.14,567.4 1 0
github.com/nsxbet/sql-schema/util/compare.go:567.9,567.48 1 0
github.com/nsxbet/sql-schema/util/compare.go:567.48,573.4 1 0
github.com/nsxbet/sql-schema/util/compare.go:576.2,576.14 1 1
github.com/nsxbet/sql-schema/util/compare.go:579.103,584.34 3 1
github.com/nsxbet/sql-schema/util/compare.go:584.34,586.3 1 0
github.com/nsxbet/sql-schema/util/compare.go:588.2,589.34 2 1
github.com/nsxbet/sql-schema/util/compare.go:589.34,591.3 1 0
github.com/nsxbet/sql-schema/util/compare.go:593.2,593.33 1 1
github.com/nsxbet/sql-schema/util/compare.go:593.33,594.41 1 0
github.com/nsxbet/sql-schema/util/compare.go:594.41,599.4 1 0
github.com/nsxbet/sql-schema/util/compare.go:602.2,602.33 1 1
github.com/nsxbet/sql-schema/util/compare.go:602.33,604.14 2 0
github.com/nsxbet/sql-schema/util/compare.go:604.14,609.4 1 0
github.com/nsxbet/sql-schema/util/compare.go:609.9,609.42 1 0
github.com/nsxbet/sql-schema/util/compare.go:609.42,615.4 1 0
github.com/nsxbet/sql-schema/util/compare.go:618.2,618.14 1 1
github.com/nsxbet/sql-schema/util/compare.go:621.60,625.2 1 0
github.com/nsxbet/sql-schema/util/compare.go:627.78,631.29 3 1
github.com/nsxbet/sql-schema/util/compare.go:631.29,633.3 1 0
github.com/nsxbet/sql-schema/util/compare.go:635.2,636.29 2 1
github.com/nsxbet/sql-schema/util/compare.go:636.29,638.3 1 0
github.com/nsxbet/sql-schema/util/compare.go:640.2,640.36 1 1
github.com/nsxbet/sql-schema/util/compare.go:640.36,641.41 1 0
github.com/nsxbet/sql-schema/util/compare.go:641.41,646.4 1 0
github.com/nsxbet/sql-schema/util/compare.go:649.2,649.36 1 1
github.com/nsxbet/sql-schema/util/compare.go:649.36,651.14 2 0
github.com/nsxbet/sql-schema/util/compare.go:651.14,656.4 1 0
github.com/nsxbet/sql-schema/util/compare.go:656.9,656.54 1 0
github.com/nsxbet/sql-schema/util/compare.go:656.54,662.4 1 0
github.com/nsxbet/sql-schema/util/compare.go:665.2,665.14 1 1
github.com/nsxbet/sql-schema/util/compare.go:669.162,674.29 3 1
github.com/nsxbet/sql-schema/util/compare.go:674.29,676.3 1 1
github.com/nsxbet/sql-schema/util/compare.go:678.2,679.29 2 1
github.com/nsxbet/sql-schema/util/compare.go:679.29,681.3 1 1
github.com/nsxbet/sql-schema/util/compare.go:684.2,684.36 1 1
github.com/nsxbet/sql-schema/util/compare.go:684.36,685.41 1 1
github.com/nsxbet/sql-schema/util/compare.go:685.41,692.4 1 0
github.com/nsxbet/sql-schema/util/compare.go:696.2,696.36 1 1
github.com/nsxbet/sql-schema/util/compare.go:696.36,698.14 2 1
github.com/nsxbet/sql-schema/util/compare.go:698.14,705.4 1 0
github.com/nsxbet/sql-schema/util/compare.go:705.9,708.18 2 1
github.com/nsxbet/sql-schema/util/compare.go:708.18,710.5 1 0
github.com/nsxbet/sql-schema/util/compare.go:712.4,712.57 1 1
github.com/nsxbet/sql-schema/util/compare.go:712.57,721.5 1 1
github.com/nsxbet/sql-schema/util/compare.go:725.2,725.19 1 1
github.com/nsxbet/sql-schema/util/compare.go:728.186,733.28 3 1
github.com/nsxbet/sql-schema/util/compare.go:733.28,735.3 1 0
github.com/nsxbet/sql-schema/util/compare.go:737.2,738.28 2 1
github.com/nsxbet/sql-schema/util/compare.go:738.28,740.3 1 0
github.com/nsxbet/sql-schema/util/compare.go:743.2,743.34 1 1
github.com/nsxbet/sql-schema/util/compare.go:743.34,744.41 1 0
github.com/nsxbet/sql-schema/util/compare.go:744.41,751.4 1 0
github.com/nsxbet/sql-schema/util/compare.go:755.2,755.34 1 1
github.com/nsxbet/sql-schema/util/compare.go:755.34,757.14 2 0
github.com/nsxbet/sql-schema/util/compare.go:757.14,764.4 1 0
github.com/nsxbet/sql-schema/util/compare.go:764.9,767.18 2 0
github.com/nsxbet/sql-schema/util/compare.go:767.18,769.5 1 0
github.com/nsxbet/sql-schema/util/compare.go:771.4,771.57 1 0
github.com/nsxbet/sql-schema/util/compare.go:771.57,780.5 1 0
github.com/nsxbet/sql-schema/util/compare.go:784.2,784.19 1 1
github.com/nsxbet/sql-schema/util/compare.go:787.174,795.35 4 1
github.com/nsxbet/sql-schema/util/compare.go:795.35,796.40 1 1
github.com/nsxbet/sql-schema/util/compare.go:796.40,803.4 1 0
github.com/nsxbet/sql-schema/util/compare.go:807.2,807.35 1 1
github.com/nsxbet/sql-schema/util/compare.go:807.35,809.14 2 1
github.com/nsxbet/sql-schema/util/compare.go:809.14,816.4 1 1
github.com/nsxbet/sql-schema/util/compare.go:816.9,816.58 1 1
github.com/nsxbet/sql-schema/util/compare.go:816.58,819.18 2 0
github.com/nsxbet/sql-schema/util/compare.go:819.18,821.5 1 0
github.com/nsxbet/sql-schema/util/compare.go:823.4,833.6 1 0
github.com/nsxbet/sql-schema/util/compare.go:837.2,837.19 1 1
github.com/nsxbet/sql-schema/util/compare.go:841.138,843.31 2 1
github.com/nsxbet/sql-schema/util/compare.go:843.31,846.3 2 1
github.com/nsxbet/sql-schema/util/compare.go:847.2,847.15 1 1
github.com/nsxbet/sql-schema/util/compare.go:850.160,855.29 3 1
github.com/nsxbet/sql-schema/util/compare.go:855.29,857.3 1 0
github.com/nsxbet/sql-schema/util/compare.go:859.2,860.29 2 1
github.com/nsxbet/sql-schema/util/compare.go:860.29,862.3 1 0
github.com/nsxbet/sql-schema/util/compare.go:865.2,865.36 1 1
github.com/nsxbet/sql-schema/util/compare.go:865.36,866.41 1 0
github.com/nsxbet/sql-schema/util/compare.go:866.41,873.4 1 0
github.com/nsxbet/sql-schema/util/compare.go:877.2,877.36 1 1
github.com/nsxbet/sql-schema/util/compare.go:877.36,879.14 2 0
github.com/nsxbet/sql-schema/util/compare.go:879.14,886.4 1 0
github.com/nsxbet/sql-schema/util/compare.go:886.9,889.18 2 0
github.com/nsxbet/sql-schema/util/compare.go:889.18,890.13 1 0
github.com/nsxbet/sql-schema/util/compare.go:893.4,893.70 1 0
github.com/nsxbet/sql-schema/util/compare.go:893.70,904.5 1 0
github.com/nsxbet/sql-schema/util/compare.go:908.2,908.14 1 1
github.com/nsxbet/sql-schema/util/compare.go:911.155,916.28 3 1
github.com/nsxbet/sql-schema/util/compare.go:916.28,918.3 1 1
github.com/nsxbet/sql-schema/util/compare.go:920.2,921.28 2 1
github.com/nsxbet/sql-schema/util/compare.go:921.28,923.3 1 1
github.com/nsxbet/sql-schema/util/compare.go:926.2,926.35 1 1
github.com/nsxbet/sql-schema/util/compare.go:926.35,927.41 1 1
github.com/nsxbet/sql-schema/util/compare.go:927.41,934.4 1 0
github.com/nsxbet/sql-schema/util/compare.go:938.2,938.35 1 1
github.com/nsxbet/sql-schema/util/compare.go:938.35,940.14 2 1
github.com/nsxbet/sql-schema/util/compare.go:940.14,947.4 1 1
github.com/nsxbet/sql-schema/util/compare.go:947.9,950.18 2 1
github.com/nsxbet/sql-schema/util/compare.go:950.18,951.13 1 0
github.com/nsxbet/sql-schema/util/compare.go:954.4,954.70 1 1
github.com/nsxbet/sql-schema/util/compare.go:954.70,958.5 3 0
github.com/nsxbet/sql-schema/util/compare.go:962.2,962.14 1 1
github.com/nsxbet/sql-schema/util/compare.go:965.131,970.29 3 1
github.com/nsxbet/sql-schema/util/compare.go:970.29,972.3 1 0
github.com/nsxbet/sql-schema/util/compare.go:974.2,975.29 2 1
github.com/nsxbet/sql-schema/util/compare.go:975.29,977.3 1 0
github.com/nsxbet/sql-schema/util/compare.go:980.2,980.36 1 1
github.com/nsxbet/sql-schema/util/compare.go:980.36,981.41 1 0
github.com/nsxbet/sql-schema/util/compare.go:981.41,988.4 1 0
github.com/nsxbet/sql-schema/util/compare.go:992.2,992.36 1 1
github.com/nsxbet/sql-schema/util/compare.go:992.36,994.14 2 0
github.com/nsxbet/sql-schema/util/compare.go:994.14,1001.4 1 0
github.com/nsxbet/sql-schema/util/compare.go:1001.9,1004.58 2 0
github.com/nsxbet/sql-schema/util/compare.go:1004.58,1015.5 1 0
github.com/nsxbet/sql-schema/util/compare.go:1019.2,1019.14 1 1
github.com/nsxbet/sql-schema/util/compare.go:1023.100,1025.30 2 0
github.com/nsxbet/sql-schema/util/compare.go:1025.30,1027.3 1 0
github.com/nsxbet/sql-schema/util/compare.go:1029.2,1030.30 2 0
github.com/nsxbet/sql-schema/util/compare.go:1030.30,1032.3 1 0
github.com/nsxbet/sql-schema/util/compare.go:1035.2,1035.30 1 0
github.com/nsxbet/sql-schema/util/compare.go:1035.30,1036.17 1 0
github.com/nsxbet/sql-schema/util/compare.go:1036.17,1038.4 1 0
github.com/nsxbet/sql-schema/util/compare.go:1042.2,1042.30 1 0
github.com/nsxbet/sql-schema/util/compare.go:1042.30,1043.17 1 0
github.com/nsxbet/sql-schema/util/compare.go:1043.17,1045.4 1 0
github.com/nsxbet/sql-schema/util/compare.go:1049.2,1049.42 1 0
github.com/nsxbet/sql-schema/util/compare.go:1049.42,1050.39 1 0
github.com/nsxbet/sql-schema/util/compare.go:1050.39,1052.4 1 0
github.com/nsxbet/sql-schema/util/compare.go:1052.9,1053.29 1 0
github.com/nsxbet/sql-schema/util/compare.go:1053.29,1054.37 1 0
github.com/nsxbet/sql-schema/util/compare.go:1054.37,1056.11 2 0
github.com/nsxbet/sql-schema/util/compare.go:1062.2,1062.8 1 0
github.com/nsxbet/sql-schema/util/compare.go:1065.105,1070.30 3 1
github.com/nsxbet/sql-schema/util/compare.go:1070.30,1072.3 1 0
github.com/nsxbet/sql-schema/util/compare.go:1074.2,1075.30 2 1
github.com/nsxbet/sql-schema/util/compare.go:1075.30,1077.3 1 0
github.com/nsxbet/sql-schema/util/compare.go:1080.2,1080.37 1 1
github.com/nsxbet/sql-schema/util/compare.go:1080.37,1081.41 1 0
github.com/nsxbet/sql-schema/util/compare.go:1081.41,1087.4 1 0
github.com/nsxbet/sql-schema/util/compare.go:1091.2,1091.37 1 1
github.com/nsxbet/sql-schema/util/compare.go:1091.37,1093.14 2 0
github.com/nsxbet/sql-schema/util/compare.go:1093.14,1099.4 1 0
github.com/nsxbet/sql-schema/util/compare.go:1099.9,1101.50 1 0
github.com/nsxbet/sql-schema/util/compare.go:1101.50,1109.5 1 0
github.com/nsxbet/sql-schema/util/compare.go:1113.2,1113.14 1 1
github.com/nsxbet/sql-schema/util/compare.go:1116.132,1121.28 3 1
github.com/nsxbet/sql-schema/util/compare.go:1121.28,1123.3 1 0
github.com/nsxbet/sql-schema/util/compare.go:1125.2,1126.28 2 1
github.com/nsxbet/sql-schema/util/compare.go:1126.28,1128.3 1 0
github.com/nsxbet/sql-schema/util/compare.go:1131.2,1131.35 1 1
github.com/nsxbet/sql-schema/util/compare.go:1131.35,1132.41 1 0
github.com/nsxbet/sql-schema/util/compare.go:1132.41,1139.4 1 0
github.com/nsxbet/sql-schema/util/compare.go:1143.2,1143.35 1 1
github.com/nsxbet/sql-schema/util/compare.go:1143.35,1145.14 2 0
github.com/nsxbet/sql-schema/util/compare.go:1145.14,1152.4 1 0
github.com/nsxbet/sql-schema/util/compare.go:1152.9,1154.40 1 0
github.com/nsxbet/sql-schema/util/compare.go:1154.40,1163.5 1 0
github.com/nsxbet/sql-schema/util/compare.go:1167.2,1167.14 1 1
github.com/nsxbet/sql-schema/util/compare.go:1172.85,1173.28 1 1
github.com/nsxbet/sql-schema/util/compare.go:1173.28,1174.21 1 1
github.com/nsxbet/sql-schema/util/compare.go:1174.21,1176.4 1 1
github.com/nsxbet/sql-schema/util/compare.go:1178.2,1178.12 1 1
github.com/nsxbet/sql-schema/util/compare.go:1182.49,1183.71 1 1
github.com/nsxbet/sql-schema/util/compare.go:1183.71,1184.34 1 1
github.com/nsxbet/sql-schema/util/compare.go:1184.34,1186.4 1 0
github.com/nsxbet/sql-schema/util/compare.go:1186.9,1186.41 1 1
github.com/nsxbet/sql-schema/util/compare.go:1186.41,1188.4 1 0
github.com/nsxbet/sql-schema/util/compare.go:1189.3,1189.11 1 1
github.com/nsxbet/sql-schema/util/compare.go:1191.2,1191.69 1 1
github.com/nsxbet/sql-schema/util/compare.go:1191.69,1192.35 1 1
github.com/nsxbet/sql-schema/util/compare.go:1192.35,1193.35 1 0
github.com/nsxbet/sql-schema/util/compare.go:1193.35,1195.5 1 0
github.com/nsxbet/sql-schema/util/compare.go:1196.4,1196.12 1 0
github.com/nsxbet/sql-schema/util/compare.go:1198.3,1198.32 1 1
github.com/nsxbet/sql-schema/util/compare.go:1198.32,1200.4 1 1
github.com/nsxbet/sql-schema/util/compare.go:1200.9,1200.39 1 0
github.com/nsxbet/sql-schema/util/compare.go:1200.39,1202.4 1 0
github.com/nsxbet/sql-schema/util/compare.go:1203.3,1203.11 1 0
github.com/nsxbet/sql-schema/util/errors.go:6.58,7.16 1 0
github.com/nsxbet/sql-schema/util/errors.go:7.16,9.3 1 0
github.com/nsxbet/sql-schema/util/errors.go:10.2,10.59 1 0
github.com/nsxbet/sql-schema/util/errors.go:14.43,15.11 1 0
github.com/nsxbet/sql-schema/util/errors.go:16.48,17.19 1 0
github.com/nsxbet/sql-schema/util/errors.go:18.47,19.20 1 0
github.com/nsxbet/sql-schema/util/errors.go:20.10,21.66 1 0
github.com/nsxbet/sql-schema/util/export.go:14.79,18.2 3 0
github.com/nsxbet/sql-schema/util/export.go:21.82,23.16 2 0
github.com/nsxbet/sql-schema/util/export.go:23.16,25.3 1 0
github.com/nsxbet/sql-schema/util/export.go:26.2,28.33 2 0
github.com/nsxbet/sql-schema/util/export.go:32.86,35.2 2 0
github.com/nsxbet/sql-schema/util/export.go:38.79,43.2 4 0
github.com/nsxbet/sql-schema/util/export.go:46.82,48.16 2 0
github.com/nsxbet/sql-schema/util/export.go:48.16,50.3 1 0
github.com/nsxbet/sql-schema/util/export.go:51.2,53.33 2 0
github.com/nsxbet/sql-schema/util/export.go:57.74,60.48 3 0
github.com/nsxbet/sql-schema/util/export.go:60.48,62.3 1 0
github.com/nsxbet/sql-schema/util/export.go:63.2,63.21 1 0
github.com/nsxbet/sql-schema/util/export.go:67.77,69.16 2 0
github.com/nsxbet/sql-schema/util/export.go:69.16,71.3 1 0
github.com/nsxbet/sql-schema/util/export.go:72.2,74.25 2 0
github.com/nsxbet/sql-schema/util/export.go:78.74,81.48 3 0
github.com/nsxbet/sql-schema/util/export.go:81.48,83.3 1 0
github.com/nsxbet/sql-schema/util/export.go:84.2,84.21 1 0
github.com/nsxbet/sql-schema/util/export.go:88.77,90.16 2 0
github.com/nsxbet/sql-schema/util/export.go:90.16,92.3 1 0
github.com/nsxbet/sql-schema/util/export.go:93.2,95.25 2 0
github.com/nsxbet/sql-schema/util/export.go:99.67,101.16 2 0
github.com/nsxbet/sql-schema/util/export.go:101.16,103.3 1 0
github.com/nsxbet/sql-schema/util/export.go:104.2,104.26 1 0
github.com/nsxbet/sql-schema/util/export.go:108.74,110.16 2 0
github.com/nsxbet/sql-schema/util/export.go:110.16,112.3 1 0
github.com/nsxbet/sql-schema/util/export.go:113.2,113.26 1 0
github.com/nsxbet/sql-schema/util/export.go:117.67,119.16 2 0
github.com/nsxbet/sql-schema/util/export.go:119.16,121.3 1 0
github.com/nsxbet/sql-schema/util/export.go:122.2,122.26 1 0
github.com/nsxbet/sql-schema/util/export.go:126.70,128.65 2 0
github.com/nsxbet/sql-schema/util/export.go:128.65,130.3 1 0
github.com/nsxbet/sql-schema/util/export.go:131.2,131.21 1 0
github.com/nsxbet/sql-schema/util/export.go:135.70,137.65 2 0
github.com/nsxbet/sql-schema/util/export.go:137.65,139.3 1 0
github.com/nsxbet/sql-schema/util/export.go:140.2,140.21 1 0
github.com/nsxbet/sql-schema/util/export.go:156.96,157.16 1 0
github.com/nsxbet/sql-schema/util/export.go:158.18,159.36 1 0
github.com/nsxbet/sql-schema/util/export.go:160.25,161.43 1 0
github.com/nsxbet/sql-schema/util/export.go:162.18,163.36 1 0
github.com/nsxbet/sql-schema/util/export.go:164.10,165.36 1 0
github.com/nsxbet/sql-schema/util/export.go:170.99,171.16 1 0
github.com/nsxbet/sql-schema/util/export.go:172.37,173.42 1 0
github.com/nsxbet/sql-schema/util/export.go:174.18,175.42 1 0
github.com/nsxbet/sql-schema/util/export.go:176.10,177.42 1 0
github.com/nsxbet/sql-schema/util/filter.go:43.108,44.17 1 0
github.com/nsxbet/sql-schema/util/filter.go:44.17,46.3 1 0
github.com/nsxbet/sql-schema/util/filter.go:48.2,56.35 2 0
github.com/nsxbet/sql-schema/util/filter.go:56.35,57.41 1 0
github.com/nsxbet/sql-schema/util/filter.go:57.41,58.12 1 0
github.com/nsxbet/sql-schema/util/filter.go:61.3,64.63 2 0
github.com/nsxbet/sql-schema/util/filter.go:64.63,65.12 1 0
github.com/nsxbet/sql-schema/util/filter.go:68.3,68.62 1 0
github.com/nsxbet/sql-schema/util/filter.go:71.2,71.17 1 0
github.com/nsxbet/sql-schema/util/filter.go:74.71,76.46 1 0
github.com/nsxbet/sql-schema/util/filter.go:76.46,77.28 1 0
github.com/nsxbet/sql-schema/util/filter.go:77.28,79.4 1 0
github.com/nsxbet/sql-schema/util/filter.go:83.2,83.35 1 0
github.com/nsxbet/sql-schema/util/filter.go:83.35,85.3 1 0
github.com/nsxbet/sql-schema/util/filter.go:88.2,88.46 1 0
github.com/nsxbet/sql-schema/util/filter.go:88.46,89.28 1 0
github.com/nsxbet/sql-schema/util/filter.go:89.28,91.4 1 0
github.com/nsxbet/sql-schema/util/filter.go:94.2,94.14 1 0
github.com/nsxbet/sql-schema/util/filter.go:97.99,112.2 2 0
github.com/nsxbet/sql-schema/util/filter.go:114.94,115.118 1 0
github.com/nsxbet/sql-schema/util/filter.go:115.118,117.3 1 0
github.com/nsxbet/sql-schema/util/filter.go:119.2,121.31 2 0
github.com/nsxbet/sql-schema/util/filter.go:121.31,123.56 1 0
github.com/nsxbet/sql-schema/util/filter.go:123.56,124.12 1 0
github.com/nsxbet/sql-schema/util/filter.go:128.3,128.88 1 0
github.com/nsxbet/sql-schema/util/filter.go:128.88,129.12 1 0
github.com/nsxbet/sql-schema/util/filter.go:133.3,133.66 1 0
github.com/nsxbet/sql-schema/util/filter.go:133.66,134.12 1 0
github.com/nsxbet/sql-schema/util/filter.go:136.3,136.66 1 0
github.com/nsxbet/sql-schema/util/filter.go:136.66,137.12 1 0
github.com/nsxbet/sql-schema/util/filter.go:140.3,140.37 1 0
github.com/nsxbet/sql-schema/util/filter.go:143.2,143.17 1 0
github.com/nsxbet/sql-schema/util/filter.go:146.90,147.64 1 0
github.com/nsxbet/sql-schema/util/filter.go:147.64,149.3 1 0
github.com/nsxbet/sql-schema/util/filter.go:151.2,153.29 2 0
github.com/nsxbet/sql-schema/util/filter.go:153.29,155.54 1 0
github.com/nsxbet/sql-schema/util/filter.go:155.54,156.12 1 0
github.com/nsxbet/sql-schema/util/filter.go:160.3,160.85 1 0
github.com/nsxbet/sql-schema/util/filter.go:160.85,161.12 1 0
github.com/nsxbet/sql-schema/util/filter.go:164.3,164.36 1 0
github.com/nsxbet/sql-schema/util/filter.go:167.2,167.17 1 0
github.com/nsxbet/sql-schema/util/filter.go:170.126,171.64 1 0
github.com/nsxbet/sql-schema/util/filter.go:171.64,173.3 1 0
github.com/nsxbet/sql-schema/util/filter.go:175.2,177.29 2 0
github.com/nsxbet/sql-schema/util/filter.go:177.29,179.54 1 0
github.com/nsxbet/sql-schema/util/filter.go:179.54,180.12 1 0
github.com/nsxbet/sql-schema/util/filter.go:184.3,184.85 1 0
github.com/nsxbet/sql-schema/util/filter.go:184.85,185.12 1 0
github.com/nsxbet/sql-schema/util/filter.go:188.3,188.36 1 0
github.com/nsxbet/sql-schema/util/filter.go:191.2,191.17 1 0
github.com/nsxbet/sql-schema/util/filter.go:194.106,195.72 1 0
github.com/nsxbet/sql-schema/util/filter.go:195.72,197.3 1 0
github.com/nsxbet/sql-schema/util/filter.go:199.2,201.31 2 0
github.com/nsxbet/sql-schema/util/filter.go:201.31,203.56 1 0
github.com/nsxbet/sql-schema/util/filter.go:203.56,204.12 1 0
github.com/nsxbet/sql-schema/util/filter.go:208.3,208.91 1 0
github.com/nsxbet/sql-schema/util/filter.go:208.91,209.12 1 0
github.com/nsxbet/sql-schema/util/filter.go:212.3,212.34 1 0
github.com/nsxbet/sql-schema/util/filter.go:215.2,215.17 1 0
github.com/nsxbet/sql-schema/util/filter.go:218.69,219.35 1 0
github.com/nsxbet/sql-schema/util/filter.go:219.35,220.32 1 0
github.com/nsxbet/sql-schema/util/filter.go:220.32,222.4 1 0
github.com/nsxbet/sql-schema/util/filter.go:224.2,224.14 1 0
github.com/nsxbet/sql-schema/util/filter.go:227.55,237.2 1 0
github.com/nsxbet/sql-schema/util/filter.go:240.40,244.2 1 0
github.com/nsxbet/sql-schema/util/filter.go:247.81,250.2 2 0
github.com/nsxbet/sql-schema/util/filter.go:253.81,256.2 2 0
github.com/nsxbet/sql-schema/util/filter.go:259.84,261.16 2 0
github.com/nsxbet/sql-schema/util/filter.go:261.16,263.3 1 0
github.com/nsxbet/sql-schema/util/filter.go:264.2,264.13 1 0
github.com/nsxbet/sql-schema/util/filter.go:268.84,270.16 2 0
github.com/nsxbet/sql-schema/util/filter.go:270.16,272.3 1 0
github.com/nsxbet/sql-schema/util/filter.go:273.2,273.13 1 0
github.com/nsxbet/sql-schema/util/filter.go:277.86,281.2 3 0
github.com/nsxbet/sql-schema/util/filter.go:284.79,287.2 2 0
github.com/nsxbet/sql-schema/util/filter.go:290.51,295.2 4 0
github.com/nsxbet/sql-schema/util/filter.go:298.51,303.2 4 0
github.com/nsxbet/sql-schema/util/filter.go:306.60,310.2 3 0
github.com/nsxbet/sql-schema/util/filter.go:313.55,317.2 3 0
github.com/nsxbet/sql-schema/util/filter.go:322.44,333.2 3 0
github.com/nsxbet/sql-schema/util/filter.go:336.41,343.2 6 0
github.com/nsxbet/sql-schema/util/filter.go:347.63,348.23 1 0
github.com/nsxbet/sql-schema/util/filter.go:348.23,350.3 1 0
github.com/nsxbet/sql-schema/util/filter.go:352.2,354.33 2 0
github.com/nsxbet/sql-schema/util/filter.go:354.33,355.20 1 0
github.com/nsxbet/sql-schema/util/filter.go:355.20,356.12 1 0
github.com/nsxbet/sql-schema/util/filter.go:360.3,370.50 9 0
github.com/nsxbet/sql-schema/util/filter.go:370.50,372.4 1 0
github.com/nsxbet/sql-schema/util/filter.go:373.3,373.109 1 0
github.com/nsxbet/sql-schema/util/filter.go:373.109,375.4 1 0
github.com/nsxbet/sql-schema/util/filter.go:378.3,378.58 1 0
github.com/nsxbet/sql-schema/util/filter.go:382.2,385.17 3 0
github.com/nsxbet/sql-schema/util/filter.go:388.45,392.29 3 0
github.com/nsxbet/sql-schema/util/filter.go:392.29,393.18 1 0
github.com/nsxbet/sql-schema/util/filter.go:393.18,396.4 2 0
github.com/nsxbet/sql-schema/util/filter.go:399.2,399.15 1 0
github.com/nsxbet/sql-schema/util/filter.go:403.45,404.17 1 0
github.com/nsxbet/sql-schema/util/filter.go:404.17,406.3 1 0
github.com/nsxbet/sql-schema/util/filter.go:408.2,410.34 2 0
github.com/nsxbet/sql-schema/util/filter.go:410.34,412.3 1 0
github.com/nsxbet/sql-schema/util/filter.go:413.2,413.34 1 0
github.com/nsxbet/sql-schema/util/filter.go:413.34,415.3 1 0
github.com/nsxbet/sql-schema/util/filter.go:416.2,416.33 1 0
github.com/nsxbet/sql-schema/util/filter.go:416.33,418.3 1 0
github.com/nsxbet/sql-schema/util/filter.go:419.2,419.33 1 0
github.com/nsxbet/sql-schema/util/filter.go:419.33,421.3 1 0
github.com/nsxbet/sql-schema/util/filter.go:422.2,422.27 1 0
github.com/nsxbet/sql-schema/util/filter.go:422.27,424.3 1 0
github.com/nsxbet/sql-schema/util/filter.go:425.2,425.27 1 0
github.com/nsxbet/sql-schema/util/filter.go:425.27,427.3 1 0
github.com/nsxbet/sql-schema/util/filter.go:429.2,429.21 1 0
github.com/nsxbet/sql-schema/util/filter.go:429.21,431.3 1 0
github.com/nsxbet/sql-schema/util/filter.go:433.2,433.34 1 0
github.com/nsxbet/sql-schema/util/migration/strategy.go:67.95,75.62 2 1
github.com/nsxbet/sql-schema/util/migration/strategy.go:75.62,77.3 1 0
github.com/nsxbet/sql-schema/util/migration/strategy.go:78.2,78.65 1 1
github.com/nsxbet/sql-schema/util/migration/strategy.go:78.65,80.3 1 0
github.com/nsxbet/sql-schema/util/migration/strategy.go:81.2,81.64 1 1
github.com/nsxbet/sql-schema/util/migration/strategy.go:81.64,83.3 1 0
github.com/nsxbet/sql-schema/util/migration/strategy.go:84.2,84.64 1 1
github.com/nsxbet/sql-schema/util/migration/strategy.go:84.64,86.3 1 0
github.com/nsxbet/sql-schema/util/migration/strategy.go:87.2,87.61 1 1
github.com/nsxbet/sql-schema/util/migration/strategy.go:87.61,89.3 1 0
github.com/nsxbet/sql-schema/util/migration/strategy.go:90.2,90.60 1 1
github.com/nsxbet/sql-schema/util/migration/strategy.go:90.60,92.3 1 0
github.com/nsxbet/sql-schema/util/migration/strategy.go:93.2,93.72 1 1
github.com/nsxbet/sql-schema/util/migration/strategy.go:93.72,95.3 1 0
github.com/nsxbet/sql-schema/util/migration/strategy.go:96.2,96.64 1 1
github.com/nsxbet/sql-schema/util/migration/strategy.go:96.64,98.3 1 0
github.com/nsxbet/sql-schema/util/migration/strategy.go:99.2,99.65 1 1
github.com/nsxbet/sql-schema/util/migration/strategy.go:99.65,101.3 1 0
github.com/nsxbet/sql-schema/util/migration/strategy.go:102.2,102.61 1 1
github.com/nsxbet/sql-schema/util/migration/strategy.go:102.61,104.3 1 0
github.com/nsxbet/sql-schema/util/migration/strategy.go:107.2,107.50 1 1
github.com/nsxbet/sql-schema/util/migration/strategy.go:107.50,109.3 1 0
github.com/nsxbet/sql-schema/util/migration/strategy.go:112.2,114.22 2 1
github.com/nsxbet/sql-schema/util/migration/strategy.go:118.88,119.49 1 1
github.com/nsxbet/sql-schema/util/migration/strategy.go:119.49,127.28 2 0
github.com/nsxbet/sql-schema/util/migration/strategy.go:128.38,131.72 3 0
github.com/nsxbet/sql-schema/util/migration/strategy.go:132.36,136.107 4 0
github.com/nsxbet/sql-schema/util/migration/strategy.go:137.37,140.68 3 0
github.com/nsxbet/sql-schema/util/migration/strategy.go:143.3,143.56 1 0
github.com/nsxbet/sql-schema/util/migration/strategy.go:145.2,145.12 1 1
github.com/nsxbet/sql-schema/util/migration/strategy.go:149.91,150.49 1 1
github.com/nsxbet/sql-schema/util/migration/strategy.go:150.49,158.25 2 0
github.com/nsxbet/sql-schema/util/migration/strategy.go:159.38,163.89 4 0
github.com/nsxbet/sql-schema/util/migration/strategy.go:164.36,168.84 4 0
github.com/nsxbet/sql-schema/util/migration/strategy.go:169.37,172.71 3 0
github.com/nsxbet/sql-schema/util/migration/strategy.go:175.3,175.56 1 0
github.com/nsxbet/sql-schema/util/migration/strategy.go:177.2,177.12 1 1
github.com/nsxbet/sql-schema/util/migration/strategy.go:181.90,182.49 1 1
github.com/nsxbet/sql-schema/util/migration/strategy.go:182.49,190.26 2 0
github.com/nsxbet/sql-schema/util/migration/strategy.go:191.38,194.75 3 0
github.com/nsxbet/sql-schema/util/migration/strategy.go:195.36,199.83 4 0
github.com/nsxbet/sql-schema/util/migration/strategy.go:200.37,201.39 1 0
github.com/nsxbet/sql-schema/util/migration/strategy.go:201.39,206.5 4 0
github.com/nsxbet/sql-schema/util/migration/strategy.go:206.10,206.44 1 0
github.com/nsxbet/sql-schema/util/migration/strategy.go:206.44,210.5 3 0
github.com/nsxbet/sql-schema/util/migration/strategy.go:211.4,211.29 1 0
github.com/nsxbet/sql-schema/util/migration/strategy.go:211.29,213.5 1 0
github.com/nsxbet/sql-schema/util/migration/strategy.go:216.3,216.56 1 0
github.com/nsxbet/sql-schema/util/migration/strategy.go:218.2,218.12 1 1
github.com/nsxbet/sql-schema/util/migration/strategy.go:222.90,223.48 1 1
github.com/nsxbet/sql-schema/util/migration/strategy.go:223.48,231.25 2 0
github.com/nsxbet/sql-schema/util/migration/strategy.go:232.38,235.57 3 0
github.com/nsxbet/sql-schema/util/migration/strategy.go:236.36,240.98 4 0
github.com/nsxbet/sql-schema/util/migration/strategy.go:241.37,245.28 4 0
github.com/nsxbet/sql-schema/util/migration/strategy.go:245.28,247.5 1 0
github.com/nsxbet/sql-schema/util/migration/strategy.go:250.3,250.56 1 0
github.com/nsxbet/sql-schema/util/migration/strategy.go:252.2,252.12 1 1
github.com/nsxbet/sql-schema/util/migration/strategy.go:256.87,257.47 1 1
github.com/nsxbet/sql-schema/util/migration/strategy.go:257.47,260.27 2 1
github.com/nsxbet/sql-schema/util/migration/strategy.go:261.38,271.57 2 1
github.com/nsxbet/sql-schema/util/migration/strategy.go:273.36,284.57 3 1
github.com/nsxbet/sql-schema/util/migration/strategy.go:286.37,288.53 1 1
github.com/nsxbet/sql-schema/util/migration/strategy.go:291.2,291.12 1 1
github.com/nsxbet/sql-schema/util/migration/strategy.go:295.103,299.50 2 1
github.com/nsxbet/sql-schema/util/migration/strategy.go:299.50,308.25 2 1
github.com/nsxbet/sql-schema/util/migration/strategy.go:309.38,313.98 4 1
github.com/nsxbet/sql-schema/util/migration/strategy.go:313.98,317.5 3 1
github.com/nsxbet/sql-schema/util/migration/strategy.go:319.36,323.77 4 1
github.com/nsxbet/sql-schema/util/migration/strategy.go:325.37,329.60 4 0
github.com/nsxbet/sql-schema/util/migration/strategy.go:329.60,330.66 1 0
github.com/nsxbet/sql-schema/util/migration/strategy.go:330.66,333.6 2 0
github.com/nsxbet/sql-schema/util/migration/strategy.go:334.5,334.57 1 0
github.com/nsxbet/sql-schema/util/migration/strategy.go:334.57,336.6 1 0
github.com/nsxbet/sql-schema/util/migration/strategy.go:340.3,340.56 1 1
github.com/nsxbet/sql-schema/util/migration/strategy.go:344.2,344.49 1 1
github.com/nsxbet/sql-schema/util/migration/strategy.go:344.49,353.25 2 1
github.com/nsxbet/sql-schema/util/migration/strategy.go:354.38,358.104 4 1
github.com/nsxbet/sql-schema/util/migration/strategy.go:360.36,364.95 4 0
github.com/nsxbet/sql-schema/util/migration/strategy.go:366.37,369.71 3 0
github.com/nsxbet/sql-schema/util/migration/strategy.go:372.3,372.56 1 1
github.com/nsxbet/sql-schema/util/migration/strategy.go:376.2,376.53 1 1
github.com/nsxbet/sql-schema/util/migration/strategy.go:376.53,385.24 2 0
github.com/nsxbet/sql-schema/util/migration/strategy.go:386.38,390.107 4 0
github.com/nsxbet/sql-schema/util/migration/strategy.go:392.36,395.71 3 0
github.com/nsxbet/sql-schema/util/migration/strategy.go:397.37,400.67 3 0
github.com/nsxbet/sql-schema/util/migration/strategy.go:403.3,403.56 1 0
github.com/nsxbet/sql-schema/util/migration/strategy.go:407.2,407.59 1 1
github.com/nsxbet/sql-schema/util/migration/strategy.go:407.59,416.25 2 0
github.com/nsxbet/sql-schema/util/migration/strategy.go:417.38,421.112 4 0
github.com/nsxbet/sql-schema/util/migration/strategy.go:423.36,426.71 3 0
github.com/nsxbet/sql-schema/util/migration/strategy.go:428.37,431.72 3 0
github.com/nsxbet/sql-schema/util/migration/strategy.go:434.3,434.56 1 0
github.com/nsxbet/sql-schema/util/migration/strategy.go:439.86,440.45 1 1
github.com/nsxbet/sql-schema/util/migration/strategy.go:440.45,448.26 2 0
github.com/nsxbet/sql-schema/util/migration/strategy.go:449.38,452.61 3 0
github.com/nsxbet/sql-schema/util/migration/strategy.go:454.36,458.84 4 0
github.com/nsxbet/sql-schema/util/migration/strategy.go:460.37,464.34 4 0
github.com/nsxbet/sql-schema/util/migration/strategy.go:464.34,466.5 1 0
github.com/nsxbet/sql-schema/util/migration/strategy.go:469.3,469.56 1 0
github.com/nsxbet/sql-schema/util/migration/strategy.go:471.2,471.12 1 1
github.com/nsxbet/sql-schema/util/migration/strategy.go:475.98,476.55 1 1
github.com/nsxbet/sql-schema/util/migration/strategy.go:476.55,484.24 2 0
github.com/nsxbet/sql-schema/util/migration/strategy.go:485.38,489.91 4 0
github.com/nsxbet/sql-schema/util/migration/strategy.go:491.36,495.107 4 0
github.com/nsxbet/sql-schema/util/migration/strategy.go:497.37,501.86 4 0
github.com/nsxbet/sql-schema/util/migration/strategy.go:504.3,504.56 1 0
github.com/nsxbet/sql-schema/util/migration/strategy.go:506.2,506.12 1 1
github.com/nsxbet/sql-schema/util/migration/strategy.go:510.90,511.49 1 1
github.com/nsxbet/sql-schema/util/migration/strategy.go:511.49,519.26 2 0
github.com/nsxbet/sql-schema/util/migration/strategy.go:520.38,523.57 3 0
github.com/nsxbet/sql-schema/util/migration/strategy.go:525.36,529.96 4 0
github.com/nsxbet/sql-schema/util/migration/strategy.go:531.37,534.36 3 0
github.com/nsxbet/sql-schema/util/migration/strategy.go:534.36,536.5 1 0
github.com/nsxbet/sql-schema/util/migration/strategy.go:536.10,539.5 2 0
github.com/nsxbet/sql-schema/util/migration/strategy.go:542.3,542.56 1 0
github.com/nsxbet/sql-schema/util/migration/strategy.go:544.2,544.12 1 1
github.com/nsxbet/sql-schema/util/migration/strategy.go:548.91,549.50 1 1
github.com/nsxbet/sql-schema/util/migration/strategy.go:549.50,557.26 2 0
github.com/nsxbet/sql-schema/util/migration/strategy.go:558.38,561.58 3 0
github.com/nsxbet/sql-schema/util/migration/strategy.go:563.36,567.98 4 0
github.com/nsxbet/sql-schema/util/migration/strategy.go:569.37,572.37 3 0
github.com/nsxbet/sql-schema/util/migration/strategy.go:572.37,574.5 1 0
github.com/nsxbet/sql-schema/util/migration/strategy.go:574.10,577.5 2 0
github.com/nsxbet/sql-schema/util/migration/strategy.go:580.3,580.56 1 0
github.com/nsxbet/sql-schema/util/migration/strategy.go:582.2,582.12 1 1
github.com/nsxbet/sql-schema/util/migration/strategy.go:586.87,587.47 1 1
github.com/nsxbet/sql-schema/util/migration/strategy.go:587.47,595.27 2 0
github.com/nsxbet/sql-schema/util/migration/strategy.go:596.38,600.85 4 0
github.com/nsxbet/sql-schema/util/migration/strategy.go:602.36,606.80 4 0
github.com/nsxbet/sql-schema/util/migration/strategy.go:608.37,611.63 3 0
github.com/nsxbet/sql-schema/util/migration/strategy.go:614.3,614.56 1 0
github.com/nsxbet/sql-schema/util/migration/strategy.go:616.2,616.12 1 1
github.com/nsxbet/sql-schema/util/migration/strategy.go:620.57,623.41 2 1
github.com/nsxbet/sql-schema/util/migration/strategy.go:623.41,625.3 1 1
github.com/nsxbet/sql-schema/util/migration/strategy.go:628.2,633.32 5 1
github.com/nsxbet/sql-schema/util/migration/strategy.go:633.32,634.19 1 1
github.com/nsxbet/sql-schema/util/migration/strategy.go:634.19,636.4 1 0
github.com/nsxbet/sql-schema/util/migration/strategy.go:637.3,637.18 1 1
github.com/nsxbet/sql-schema/util/migration/strategy.go:637.18,639.4 1 1
github.com/nsxbet/sql-schema/util/migration/strategy.go:641.3,643.16 3 1
github.com/nsxbet/sql-schema/util/migration/strategy.go:643.16,644.42 1 1
github.com/nsxbet/sql-schema/util/migration/strategy.go:644.42,645.40 1 1
github.com/nsxbet/sql-schema/util/migration/strategy.go:645.40,647.6 1 0
github.com/nsxbet/sql-schema/util/migration/strategy.go:650.3,652.16 3 1
github.com/nsxbet/sql-schema/util/migration/strategy.go:652.16,654.4 1 1
github.com/nsxbet/sql-schema/util/migration/strategy.go:655.3,655.13 1 1
github.com/nsxbet/sql-schema/util/migration/strategy.go:658.2,658.41 1 1
github.com/nsxbet/sql-schema/util/migration/strategy.go:658.41,659.22 1 1
github.com/nsxbet/sql-schema/util/migration/strategy.go:659.22,660.39 1 1
github.com/nsxbet/sql-schema/util/migration/strategy.go:660.39,662.5 1 0
github.com/nsxbet/sql-schema/util/migration/strategy.go:666.2,667.12 2 1
github.com/nsxbet/sql-schema/util/migration/strategy.go:671.51,672.41 1 1
github.com/nsxbet/sql-schema/util/migration/strategy.go:672.41,673.31 1 1
github.com/nsxbet/sql-schema/util/migration/strategy.go:673.31,675.4 1 1
github.com/nsxbet/sql-schema/util/migration/strategy.go:676.3,676.65 1 1
github.com/nsxbet/sql-schema/util/migration/strategy.go:676.65,678.4 1 1
github.com/nsxbet/sql-schema/util/migration/strategy.go:682.2,682.35 1 1
github.com/nsxbet/sql-schema/util/migration/strategy.go:682.35,685.3 1 1
github.com/nsxbet/sql-schema/util/migration/strategy.go:686.2,686.35 1 1
github.com/nsxbet/sql-schema/util/migration/strategy.go:686.35,689.3 1 1
github.com/nsxbet/sql-schema/util/migration/strategy.go:693.53,694.30 1 1
github.com/nsxbet/sql-schema/util/migration/strategy.go:694.30,696.3 1 1
github.com/nsxbet/sql-schema/util/migration/strategy.go:697.2,697.30 1 1
github.com/nsxbet/sql-schema/util/migration/strategy.go:697.30,699.3 1 1
github.com/nsxbet/sql-schema/util/migration/strategy.go:700.2,700.18 1 0
github.com/nsxbet/sql-schema/util/migration/strategy.go:703.51,704.29 1 1
github.com/nsxbet/sql-schema/util/migration/strategy.go:704.29,706.3 1 1
github.com/nsxbet/sql-schema/util/migration/strategy.go:707.2,707.29 1 0
github.com/nsxbet/sql-schema/util/migration/strategy.go:707.29,709.3 1 0
github.com/nsxbet/sql-schema/util/migration/strategy.go:710.2,710.18 1 0
github.com/nsxbet/sql-schema/util/migration/strategy.go:714.66,725.61 4 1
github.com/nsxbet/sql-schema/util/migration/strategy.go:725.61,728.22 3 1
github.com/nsxbet/sql-schema/util/migration/strategy.go:728.22,730.4 1 1
github.com/nsxbet/sql-schema/util/migration/strategy.go:730.9,730.29 1 1
github.com/nsxbet/sql-schema/util/migration/strategy.go:730.29,732.4 1 1
github.com/nsxbet/sql-schema/util/migration/strategy.go:733.3,733.11 1 0
github.com/nsxbet/sql-schema/util/migration/strategy.go:736.2,736.15 1 1
github.com/nsxbet/sql-schema/util/format/json.go:11.78,15.12 3 1
github.com/nsxbet/sql-schema/util/format/json.go:15.12,17.3 1 1
github.com/nsxbet/sql-schema/util/format/json.go:17.8,19.3 1 1
github.com/nsxbet/sql-schema/util/format/json.go:21.2,21.16 1 1
github.com/nsxbet/sql-schema/util/format/json.go:21.16,23.3 1 0
github.com/nsxbet/sql-schema/util/format/json.go:25.2,25.26 1 1
github.com/nsxbet/sql-schema/util/format/json.go:29.95,33.12 3 1
github.com/nsxbet/sql-schema/util/format/json.go:33.12,35.3 1 1
github.com/nsxbet/sql-schema/util/format/json.go:35.8,37.3 1 0
github.com/nsxbet/sql-schema/util/format/json.go:39.2,39.16 1 1
github.com/nsxbet/sql-schema/util/format/json.go:39.16,41.3 1 0
github.com/nsxbet/sql-schema/util/format/json.go:43.2,43.26 1 1
github.com/nsxbet/sql-schema/util/format/json.go:55.85,75.34 2 1
github.com/nsxbet/sql-schema/util/format/json.go:75.34,77.3 1 1
github.com/nsxbet/sql-schema/util/format/json.go:78.2,78.33 1 1
github.com/nsxbet/sql-schema/util/format/json.go:78.33,80.3 1 1
github.com/nsxbet/sql-schema/util/format/json.go:81.2,81.32 1 1
github.com/nsxbet/sql-schema/util/format/json.go:81.32,83.3 1 0
github.com/nsxbet/sql-schema/util/format/json.go:85.2,88.12 3 1
github.com/nsxbet/sql-schema/util/format/json.go:88.12,90.3 1 1
github.com/nsxbet/sql-schema/util/format/json.go:90.8,92.3 1 0
github.com/nsxbet/sql-schema/util/format/json.go:94.2,94.16 1 1
github.com/nsxbet/sql-schema/util/format/json.go:94.16,96.3 1 0
github.com/nsxbet/sql-schema/util/format/json.go:98.2,98.26 1 1
github.com/nsxbet/sql-schema/util/format/json.go:127.102,140.41 2 1
github.com/nsxbet/sql-schema/util/format/json.go:140.41,143.3 2 1
github.com/nsxbet/sql-schema/util/format/json.go:146.2,146.42 1 1
github.com/nsxbet/sql-schema/util/format/json.go:146.42,148.3 1 0
github.com/nsxbet/sql-schema/util/format/json.go:151.2,151.48 1 1
github.com/nsxbet/sql-schema/util/format/json.go:151.48,153.3 1 1
github.com/nsxbet/sql-schema/util/format/json.go:155.2,158.12 3 1
github.com/nsxbet/sql-schema/util/format/json.go:158.12,160.3 1 1
github.com/nsxbet/sql-schema/util/format/json.go:160.8,162.3 1 0
github.com/nsxbet/sql-schema/util/format/json.go:164.2,164.16 1 1
github.com/nsxbet/sql-schema/util/format/json.go:164.16,166.3 1 0
github.com/nsxbet/sql-schema/util/format/json.go:168.2,168.26 1 1
github.com/nsxbet/sql-schema/util/format/json.go:172.76,183.2 1 1
github.com/nsxbet/sql-schema/util/format/json.go:191.77,193.28 2 1
github.com/nsxbet/sql-schema/util/format/json.go:193.28,198.3 1 1
github.com/nsxbet/sql-schema/util/format/json.go:199.2,199.15 1 1
github.com/nsxbet/sql-schema/util/format/json.go:210.74,212.28 2 1
github.com/nsxbet/sql-schema/util/format/json.go:212.28,220.3 1 1
github.com/nsxbet/sql-schema/util/format/json.go:221.2,221.15 1 1
github.com/nsxbet/sql-schema/util/format/json.go:231.71,233.28 2 0
github.com/nsxbet/sql-schema/util/format/json.go:233.28,240.3 1 0
github.com/nsxbet/sql-schema/util/format/json.go:241.2,241.15 1 0
github.com/nsxbet/sql-schema/util/format/markdown.go:12.60,29.34 12 1
github.com/nsxbet/sql-schema/util/format/markdown.go:29.34,33.42 4 0
github.com/nsxbet/sql-schema/util/format/markdown.go:33.42,36.4 2 0
github.com/nsxbet/sql-schema/util/format/markdown.go:37.3,37.23 1 0
github.com/nsxbet/sql-schema/util/format/markdown.go:41.2,41.33 1 1
github.com/nsxbet/sql-schema/util/format/markdown.go:41.33,43.41 2 1
github.com/nsxbet/sql-schema/util/format/markdown.go:43.41,48.33 3 1
github.com/nsxbet/sql-schema/util/format/markdown.go:48.33,52.41 4 1
github.com/nsxbet/sql-schema/util/format/markdown.go:52.41,57.6 3 1
github.com/nsxbet/sql-schema/util/format/markdown.go:58.5,58.25 1 1
github.com/nsxbet/sql-schema/util/format/markdown.go:62.4,62.32 1 1
github.com/nsxbet/sql-schema/util/format/markdown.go:62.32,66.40 4 0
github.com/nsxbet/sql-schema/util/format/markdown.go:66.40,71.6 3 0
github.com/nsxbet/sql-schema/util/format/markdown.go:72.5,72.25 1 0
github.com/nsxbet/sql-schema/util/format/markdown.go:76.4,76.37 1 1
github.com/nsxbet/sql-schema/util/format/markdown.go:76.37,80.45 4 0
github.com/nsxbet/sql-schema/util/format/markdown.go:80.45,85.6 3 0
github.com/nsxbet/sql-schema/util/format/markdown.go:86.5,86.25 1 0
github.com/nsxbet/sql-schema/util/format/markdown.go:92.2,92.32 1 1
github.com/nsxbet/sql-schema/util/format/markdown.go:92.32,96.40 4 0
github.com/nsxbet/sql-schema/util/format/markdown.go:96.40,101.4 3 0
github.com/nsxbet/sql-schema/util/format/markdown.go:102.3,102.23 1 0
github.com/nsxbet/sql-schema/util/format/markdown.go:106.2,106.36 1 1
github.com/nsxbet/sql-schema/util/format/markdown.go:106.36,110.44 4 0
github.com/nsxbet/sql-schema/util/format/markdown.go:110.44,112.29 2 0
github.com/nsxbet/sql-schema/util/format/markdown.go:112.29,114.5 1 0
github.com/nsxbet/sql-schema/util/format/markdown.go:114.10,114.36 1 0
github.com/nsxbet/sql-schema/util/format/markdown.go:114.36,116.5 1 0
github.com/nsxbet/sql-schema/util/format/markdown.go:117.4,121.46 4 0
github.com/nsxbet/sql-schema/util/format/markdown.go:123.3,123.23 1 0
github.com/nsxbet/sql-schema/util/format/markdown.go:127.2,127.37 1 1
github.com/nsxbet/sql-schema/util/format/markdown.go:127.37,131.45 4 0
github.com/nsxbet/sql-schema/util/format/markdown.go:131.45,133.30 2 0
github.com/nsxbet/sql-schema/util/format/markdown.go:133.30,135.5 1 0
github.com/nsxbet/sql-schema/util/format/markdown.go:135.10,135.37 1 0
github.com/nsxbet/sql-schema/util/format/markdown.go:135.37,137.5 1 0
github.com/nsxbet/sql-schema/util/format/markdown.go:138.4,142.46 4 0
github.com/nsxbet/sql-schema/util/format/markdown.go:144.3,144.23 1 0
github.com/nsxbet/sql-schema/util/format/markdown.go:147.2,147.20 1 1
github.com/nsxbet/sql-schema/util/format/markdown.go:151.77,165.32 9 1
github.com/nsxbet/sql-schema/util/format/markdown.go:165.32,167.45 2 1
github.com/nsxbet/sql-schema/util/format/markdown.go:167.45,169.4 1 1
github.com/nsxbet/sql-schema/util/format/markdown.go:173.2,173.35 1 1
github.com/nsxbet/sql-schema/util/format/markdown.go:173.35,178.43 5 0
github.com/nsxbet/sql-schema/util/format/markdown.go:178.43,180.21 2 0
github.com/nsxbet/sql-schema/util/format/markdown.go:180.21,182.5 1 0
github.com/nsxbet/sql-schema/util/format/markdown.go:183.4,184.62 1 0
github.com/nsxbet/sql-schema/util/format/markdown.go:186.3,189.43 2 0
github.com/nsxbet/sql-schema/util/format/markdown.go:189.43,190.28 1 0
github.com/nsxbet/sql-schema/util/format/markdown.go:190.28,192.41 2 0
github.com/nsxbet/sql-schema/util/format/markdown.go:192.41,194.6 1 0
github.com/nsxbet/sql-schema/util/format/markdown.go:195.5,195.25 1 0
github.com/nsxbet/sql-schema/util/format/markdown.go:201.2,205.48 5 1
github.com/nsxbet/sql-schema/util/format/markdown.go:205.48,207.21 2 1
github.com/nsxbet/sql-schema/util/format/markdown.go:207.21,209.4 1 0
github.com/nsxbet/sql-schema/util/format/markdown.go:210.3,211.31 2 1
github.com/nsxbet/sql-schema/util/format/markdown.go:211.31,213.4 1 0
github.com/nsxbet/sql-schema/util/format/markdown.go:214.3,217.67 3 1
github.com/nsxbet/sql-schema/util/format/markdown.go:219.2,221.20 2 1
github.com/nsxbet/sql-schema/util/format/markdown.go:225.63,226.16 1 1
github.com/nsxbet/sql-schema/util/format/markdown.go:227.37,228.25 1 1
github.com/nsxbet/sql-schema/util/format/markdown.go:229.35,230.23 1 0
github.com/nsxbet/sql-schema/util/format/markdown.go:231.36,232.24 1 1
github.com/nsxbet/sql-schema/util/format/markdown.go:233.10,234.36 1 0
github.com/nsxbet/sql-schema/util/format/markdown.go:239.55,240.14 1 1
github.com/nsxbet/sql-schema/util/format/markdown.go:241.31,242.21 1 0
github.com/nsxbet/sql-schema/util/format/markdown.go:243.33,244.23 1 0
github.com/nsxbet/sql-schema/util/format/markdown.go:245.30,246.20 1 1
github.com/nsxbet/sql-schema/util/format/markdown.go:247.31,248.20 1 0
github.com/nsxbet/sql-schema/util/format/markdown.go:249.10,250.22 1 0
github.com/nsxbet/sql-schema/util/format/markdown.go:255.32,256.7 1 0
github.com/nsxbet/sql-schema/util/format/markdown.go:256.7,258.3 1 0
github.com/nsxbet/sql-schema/util/format/markdown.go:259.2,259.17 1 0
github.com/nsxbet/sql-schema/util/format/markdown.go:263.89,270.16 6 1
github.com/nsxbet/sql-schema/util/format/markdown.go:270.16,272.3 1 0
github.com/nsxbet/sql-schema/util/format/markdown.go:274.2,274.16 1 1
github.com/nsxbet/sql-schema/util/format/markdown.go:274.16,277.19 3 1
github.com/nsxbet/sql-schema/util/format/markdown.go:277.19,279.4 1 1
github.com/nsxbet/sql-schema/util/format/markdown.go:279.9,281.4 1 0
github.com/nsxbet/sql-schema/util/format/markdown.go:282.3,282.27 1 1
github.com/nsxbet/sql-schema/util/format/markdown.go:285.2,285.8 1 1
github.com/nsxbet/sql-schema/util/format/markdown.go:289.73,295.16 5 0
github.com/nsxbet/sql-schema/util/format/markdown.go:295.16,297.3 1 0
github.com/nsxbet/sql-schema/util/format/markdown.go:299.2,299.16 1 0
github.com/nsxbet/sql-schema/util/format/markdown.go:299.16,302.17 3 0
github.com/nsxbet/sql-schema/util/format/markdown.go:302.17,304.4 1 0
github.com/nsxbet/sql-schema/util/format/markdown.go:307.2,307.8 1 0
github.com/nsxbet/sql-schema/util/format/markdown.go:311.76,316.18 4 0
github.com/nsxbet/sql-schema/util/format/markdown.go:316.18,318.3 1 0
github.com/nsxbet/sql-schema/util/format/markdown.go:320.2,320.18 1 0
github.com/nsxbet/sql-schema/util/format/markdown.go:320.18,323.3 2 0
github.com/nsxbet/sql-schema/util/format/markdown.go:325.2,325.8 1 0
github.com/nsxbet/sql-schema/util/format/text.go:12.56,23.34 6 1
github.com/nsxbet/sql-schema/util/format/text.go:23.34,25.36 1 1
github.com/nsxbet/sql-schema/util/format/text.go:25.36,27.5 1 1
github.com/nsxbet/sql-schema/util/format/text.go:31.2,31.33 1 1
github.com/nsxbet/sql-schema/util/format/text.go:31.33,33.3 1 1
github.com/nsxbet/sql-schema/util/format/text.go:36.2,36.32 1 1
github.com/nsxbet/sql-schema/util/format/text.go:36.32,38.34 1 0
github.com/nsxbet/sql-schema/util/format/text.go:38.34,40.5 1 0
github.com/nsxbet/sql-schema/util/format/text.go:44.2,44.44 1 1
github.com/nsxbet/sql-schema/util/format/text.go:44.44,46.46 1 0
github.com/nsxbet/sql-schema/util/format/text.go:46.46,48.5 1 0
github.com/nsxbet/sql-schema/util/format/text.go:52.2,52.36 1 1
github.com/nsxbet/sql-schema/util/format/text.go:52.36,54.38 1 0
github.com/nsxbet/sql-schema/util/format/text.go:54.38,56.29 2 0
github.com/nsxbet/sql-schema/util/format/text.go:56.29,58.6 1 0
github.com/nsxbet/sql-schema/util/format/text.go:58.11,58.36 1 0
github.com/nsxbet/sql-schema/util/format/text.go:58.36,60.6 1 0
github.com/nsxbet/sql-schema/util/format/text.go:61.5,61.60 1 0
github.com/nsxbet/sql-schema/util/format/text.go:66.2,66.37 1 1
github.com/nsxbet/sql-schema/util/format/text.go:66.37,68.39 1 0
github.com/nsxbet/sql-schema/util/format/text.go:68.39,70.30 2 0
github.com/nsxbet/sql-schema/util/format/text.go:70.30,72.6 1 0
github.com/nsxbet/sql-schema/util/format/text.go:72.11,72.37 1 0
github.com/nsxbet/sql-schema/util/format/text.go:72.37,74.6 1 0
github.com/nsxbet/sql-schema/util/format/text.go:75.5,75.61 1 0
github.com/nsxbet/sql-schema/util/format/text.go:80.2,80.36 1 1
github.com/nsxbet/sql-schema/util/format/text.go:80.36,82.38 1 0
github.com/nsxbet/sql-schema/util/format/text.go:82.38,84.29 2 0
github.com/nsxbet/sql-schema/util/format/text.go:84.29,86.6 1 0
github.com/nsxbet/sql-schema/util/format/text.go:86.11,86.36 1 0
github.com/nsxbet/sql-schema/util/format/text.go:86.36,88.6 1 0
github.com/nsxbet/sql-schema/util/format/text.go:89.5,89.60 1 0
github.com/nsxbet/sql-schema/util/format/text.go:94.2,94.36 1 1
github.com/nsxbet/sql-schema/util/format/text.go:94.36,96.38 1 0
github.com/nsxbet/sql-schema/util/format/text.go:96.38,98.5 1 0
github.com/nsxbet/sql-schema/util/format/text.go:102.2,102.33 1 1
github.com/nsxbet/sql-schema/util/format/text.go:102.33,104.35 1 0
github.com/nsxbet/sql-schema/util/format/text.go:104.35,106.26 2 0
github.com/nsxbet/sql-schema/util/format/text.go:106.26,108.6 1 0
github.com/nsxbet/sql-schema/util/format/text.go:108.11,108.33 1 0
github.com/nsxbet/sql-schema/util/format/text.go:108.33,110.6 1 0
github.com/nsxbet/sql-schema/util/format/text.go:111.5,111.57 1 0
github.com/nsxbet/sql-schema/util/format/text.go:116.2,116.37 1 1
github.com/nsxbet/sql-schema/util/format/text.go:116.37,118.39 1 0
github.com/nsxbet/sql-schema/util/format/text.go:118.39,120.5 1 0
github.com/nsxbet/sql-schema/util/format/text.go:123.2,123.20 1 1
github.com/nsxbet/sql-schema/util/format/text.go:127.85,131.29 4 1
github.com/nsxbet/sql-schema/util/format/text.go:131.29,133.3 1 1
github.com/nsxbet/sql-schema/util/format/text.go:134.2,135.20 2 1
github.com/nsxbet/sql-schema/util/format/text.go:139.64,144.34 4 1
github.com/nsxbet/sql-schema/util/format/text.go:144.34,148.32 2 1
github.com/nsxbet/sql-schema/util/format/text.go:148.32,150.40 2 0
github.com/nsxbet/sql-schema/util/format/text.go:150.40,152.28 2 0
github.com/nsxbet/sql-schema/util/format/text.go:152.28,154.6 1 0
github.com/nsxbet/sql-schema/util/format/text.go:154.11,154.35 1 0
github.com/nsxbet/sql-schema/util/format/text.go:154.35,156.6 1 0
github.com/nsxbet/sql-schema/util/format/text.go:157.5,157.71 1 0
github.com/nsxbet/sql-schema/util/format/text.go:162.3,162.31 1 1
github.com/nsxbet/sql-schema/util/format/text.go:162.31,164.39 2 0
github.com/nsxbet/sql-schema/util/format/text.go:164.39,166.27 2 0
github.com/nsxbet/sql-schema/util/format/text.go:166.27,168.6 1 0
github.com/nsxbet/sql-schema/util/format/text.go:168.11,168.34 1 0
github.com/nsxbet/sql-schema/util/format/text.go:168.34,170.6 1 0
github.com/nsxbet/sql-schema/util/format/text.go:171.5,171.71 1 0
github.com/nsxbet/sql-schema/util/format/text.go:176.3,176.36 1 1
github.com/nsxbet/sql-schema/util/format/text.go:176.36,178.44 2 0
github.com/nsxbet/sql-schema/util/format/text.go:178.44,180.32 2 0
github.com/nsxbet/sql-schema/util/format/text.go:180.32,182.6 1 0
github.com/nsxbet/sql-schema/util/format/text.go:182.11,182.39 1 0
github.com/nsxbet/sql-schema/util/format/text.go:182.39,184.6 1 0
github.com/nsxbet/sql-schema/util/format/text.go:185.5,185.70 1 0
github.com/nsxbet/sql-schema/util/format/text.go:190.3,190.41 1 1
github.com/nsxbet/sql-schema/util/format/text.go:190.41,192.50 2 0
github.com/nsxbet/sql-schema/util/format/text.go:192.50,194.33 2 0
github.com/nsxbet/sql-schema/util/format/text.go:194.33,196.6 1 0
github.com/nsxbet/sql-schema/util/format/text.go:196.11,196.40 1 0
github.com/nsxbet/sql-schema/util/format/text.go:196.40,198.6 1 0
github.com/nsxbet/sql-schema/util/format/text.go:199.5,199.72 1 0
github.com/nsxbet/sql-schema/util/format/text.go:203.3,203.23 1 1
github.com/nsxbet/sql-schema/util/format/text.go:206.2,206.20 1 1
github.com/nsxbet/sql-schema/util/format/text.go:210.73,223.32 9 1
github.com/nsxbet/sql-schema/util/format/text.go:223.32,225.45 2 1
github.com/nsxbet/sql-schema/util/format/text.go:225.45,227.4 1 1
github.com/nsxbet/sql-schema/util/format/text.go:228.3,228.23 1 1
github.com/nsxbet/sql-schema/util/format/text.go:232.2,232.35 1 1
github.com/nsxbet/sql-schema/util/format/text.go:232.35,235.43 3 1
github.com/nsxbet/sql-schema/util/format/text.go:235.43,238.28 3 1
github.com/nsxbet/sql-schema/util/format/text.go:238.28,239.41 1 1
github.com/nsxbet/sql-schema/util/format/text.go:239.41,241.6 1 1
github.com/nsxbet/sql-schema/util/format/text.go:243.4,243.24 1 1
github.com/nsxbet/sql-schema/util/format/text.go:248.2,250.48 3 1
github.com/nsxbet/sql-schema/util/format/text.go:250.48,253.21 3 1
github.com/nsxbet/sql-schema/util/format/text.go:253.21,255.4 1 1
github.com/nsxbet/sql-schema/util/format/text.go:256.3,259.31 2 1
github.com/nsxbet/sql-schema/util/format/text.go:259.31,261.4 1 0
github.com/nsxbet/sql-schema/util/format/text.go:263.2,265.20 2 1
github.com/nsxbet/sql-schema/util/format/text.go:269.51,270.14 1 1
github.com/nsxbet/sql-schema/util/format/text.go:271.31,272.16 1 1
github.com/nsxbet/sql-schema/util/format/text.go:273.33,274.16 1 0
github.com/nsxbet/sql-schema/util/format/text.go:275.30,276.16 1 0
github.com/nsxbet/sql-schema/util/format/text.go:277.31,278.15 1 1
github.com/nsxbet/sql-schema/util/format/text.go:279.10,280.15 1 0
github.com/nsxbet/sql-schema/util/format/text.go:285.54,299.40 2 1
github.com/nsxbet/sql-schema/util/format/text.go:299.40,306.3 1 1
github.com/nsxbet/sql-schema/util/format/text.go:308.2,308.14 1 1
