mode: set
github.com/nsxbet/sql-schema/util/engine/postgres/comparer.go:22.30,31.2 2 1
github.com/nsxbet/sql-schema/util/engine/postgres/comparer.go:34.59,36.2 1 1
github.com/nsxbet/sql-schema/util/engine/postgres/comparer.go:39.55,41.2 1 1
github.com/nsxbet/sql-schema/util/engine/postgres/comparer.go:44.47,46.2 1 0
github.com/nsxbet/sql-schema/util/engine/postgres/comparer.go:49.51,51.2 1 1
github.com/nsxbet/sql-schema/util/engine/postgres/comparer.go:60.46,65.2 1 1
github.com/nsxbet/sql-schema/util/engine/postgres/comparer.go:68.81,69.34 1 1
github.com/nsxbet/sql-schema/util/engine/postgres/comparer.go:69.34,71.3 1 0
github.com/nsxbet/sql-schema/util/engine/postgres/comparer.go:74.2,78.14 2 1
github.com/nsxbet/sql-schema/util/engine/postgres/comparer.go:82.126,91.12 3 0
github.com/nsxbet/sql-schema/util/engine/postgres/comparer.go:91.12,93.3 1 0
github.com/nsxbet/sql-schema/util/engine/postgres/comparer.go:96.2,98.20 2 0
github.com/nsxbet/sql-schema/util/engine/postgres/comparer.go:102.82,107.21 3 1
github.com/nsxbet/sql-schema/util/engine/postgres/comparer.go:107.21,109.3 1 1
github.com/nsxbet/sql-schema/util/engine/postgres/comparer.go:112.2,113.22 2 0
github.com/nsxbet/sql-schema/util/engine/postgres/comparer.go:113.22,115.3 1 0
github.com/nsxbet/sql-schema/util/engine/postgres/comparer.go:118.2,119.20 2 0
github.com/nsxbet/sql-schema/util/engine/postgres/comparer.go:119.20,121.3 1 0
github.com/nsxbet/sql-schema/util/engine/postgres/comparer.go:123.2,124.37 2 0
github.com/nsxbet/sql-schema/util/engine/postgres/comparer.go:129.95,136.2 3 1
github.com/nsxbet/sql-schema/util/engine/postgres/comparer.go:145.38,150.2 1 1
github.com/nsxbet/sql-schema/util/engine/postgres/comparer.go:153.110,162.12 3 0
github.com/nsxbet/sql-schema/util/engine/postgres/comparer.go:162.12,164.3 1 0
github.com/nsxbet/sql-schema/util/engine/postgres/comparer.go:166.2,166.40 1 0
github.com/nsxbet/sql-schema/util/engine/postgres/comparer.go:166.40,168.3 1 0
github.com/nsxbet/sql-schema/util/engine/postgres/comparer.go:171.2,173.20 2 0
github.com/nsxbet/sql-schema/util/engine/postgres/comparer.go:182.42,186.2 1 1
github.com/nsxbet/sql-schema/util/engine/postgres/comparer.go:193.69,198.20 3 1
github.com/nsxbet/sql-schema/util/engine/postgres/comparer.go:198.20,200.3 1 1
github.com/nsxbet/sql-schema/util/engine/postgres/comparer.go:203.2,217.43 2 1
github.com/nsxbet/sql-schema/util/engine/postgres/comparer.go:217.43,220.25 3 1
github.com/nsxbet/sql-schema/util/engine/postgres/comparer.go:220.25,222.4 1 1
github.com/nsxbet/sql-schema/util/engine/postgres/comparer.go:225.2,225.14 1 1
github.com/nsxbet/sql-schema/util/engine/postgres/comparer.go:229.63,234.54 2 1
github.com/nsxbet/sql-schema/util/engine/postgres/comparer.go:234.54,237.31 2 1
github.com/nsxbet/sql-schema/util/engine/postgres/comparer.go:237.31,239.4 1 1
github.com/nsxbet/sql-schema/util/engine/postgres/comparer.go:242.2,242.19 1 1
github.com/nsxbet/sql-schema/util/engine/postgres/comparer.go:246.105,248.36 2 1
github.com/nsxbet/sql-schema/util/engine/postgres/comparer.go:248.36,250.3 1 0
github.com/nsxbet/sql-schema/util/engine/postgres/comparer.go:250.8,250.43 1 1
github.com/nsxbet/sql-schema/util/engine/postgres/comparer.go:250.43,252.3 1 0
github.com/nsxbet/sql-schema/util/engine/postgres/comparer.go:252.8,252.43 1 1
github.com/nsxbet/sql-schema/util/engine/postgres/comparer.go:252.43,253.38 1 1
github.com/nsxbet/sql-schema/util/engine/postgres/comparer.go:253.38,255.4 1 1
github.com/nsxbet/sql-schema/util/engine/postgres/comparer.go:255.9,257.4 1 1
github.com/nsxbet/sql-schema/util/engine/postgres/comparer.go:260.2,264.8 1 1
github.com/nsxbet/sql-schema/util/engine/postgres/comparer.go:267.78,268.28 1 1
github.com/nsxbet/sql-schema/util/engine/postgres/comparer.go:268.28,270.3 1 0
github.com/nsxbet/sql-schema/util/engine/postgres/comparer.go:271.2,271.47 1 1
github.com/nsxbet/sql-schema/util/engine/postgres/comparer.go:271.47,273.3 1 1
github.com/nsxbet/sql-schema/util/engine/postgres/comparer.go:274.2,274.36 1 1
github.com/nsxbet/sql-schema/util/engine/postgres/comparer.go:274.36,276.3 1 1
github.com/nsxbet/sql-schema/util/engine/postgres/comparer.go:277.2,277.34 1 1
github.com/nsxbet/sql-schema/util/engine/postgres/comparer.go:277.34,279.3 1 0
github.com/nsxbet/sql-schema/util/engine/postgres/comparer.go:280.2,280.34 1 1
github.com/nsxbet/sql-schema/util/engine/postgres/comparer.go:280.34,282.3 1 0
github.com/nsxbet/sql-schema/util/engine/postgres/comparer.go:285.2,285.54 1 1
github.com/nsxbet/sql-schema/util/engine/postgres/comparer.go:285.54,287.3 1 0
github.com/nsxbet/sql-schema/util/engine/postgres/comparer.go:288.2,288.50 1 1
github.com/nsxbet/sql-schema/util/engine/postgres/comparer.go:288.50,289.53 1 0
github.com/nsxbet/sql-schema/util/engine/postgres/comparer.go:289.53,291.4 1 0
github.com/nsxbet/sql-schema/util/engine/postgres/comparer.go:294.2,294.13 1 1
github.com/nsxbet/sql-schema/util/engine/postgres/comparer.go:297.61,302.2 1 0
github.com/nsxbet/sql-schema/util/engine/postgres/comparer.go:304.49,305.26 1 1
github.com/nsxbet/sql-schema/util/engine/postgres/comparer.go:305.26,306.16 1 1
github.com/nsxbet/sql-schema/util/engine/postgres/comparer.go:306.16,308.4 1 1
github.com/nsxbet/sql-schema/util/engine/postgres/comparer.go:310.2,310.14 1 1
github.com/nsxbet/sql-schema/util/engine/postgres/comparer.go:313.42,315.34 2 1
github.com/nsxbet/sql-schema/util/engine/postgres/comparer.go:315.34,316.21 1 1
github.com/nsxbet/sql-schema/util/engine/postgres/comparer.go:316.21,318.4 1 0
github.com/nsxbet/sql-schema/util/engine/postgres/comparer.go:320.2,320.14 1 1
github.com/nsxbet/sql-schema/util/engine/postgres/expression.go:17.50,19.2 1 1
github.com/nsxbet/sql-schema/util/engine/postgres/expression.go:23.96,25.58 1 1
github.com/nsxbet/sql-schema/util/engine/postgres/expression.go:25.58,27.3 1 1
github.com/nsxbet/sql-schema/util/engine/postgres/expression.go:30.2,34.20 3 1
github.com/nsxbet/sql-schema/util/engine/postgres/expression.go:34.20,36.3 1 1
github.com/nsxbet/sql-schema/util/engine/postgres/expression.go:39.2,39.43 1 1
github.com/nsxbet/sql-schema/util/engine/postgres/expression.go:48.70,67.2 7 1
github.com/nsxbet/sql-schema/util/engine/postgres/expression.go:70.66,74.2 2 1
github.com/nsxbet/sql-schema/util/engine/postgres/expression.go:80.67,84.72 2 1
github.com/nsxbet/sql-schema/util/engine/postgres/expression.go:84.72,86.27 2 1
github.com/nsxbet/sql-schema/util/engine/postgres/expression.go:86.27,88.4 1 0
github.com/nsxbet/sql-schema/util/engine/postgres/expression.go:89.3,93.60 3 1
github.com/nsxbet/sql-schema/util/engine/postgres/expression.go:102.68,111.2 4 1
github.com/nsxbet/sql-schema/util/engine/postgres/expression.go:114.73,116.6 1 1
github.com/nsxbet/sql-schema/util/engine/postgres/expression.go:116.6,118.22 2 1
github.com/nsxbet/sql-schema/util/engine/postgres/expression.go:118.22,119.9 1 1
github.com/nsxbet/sql-schema/util/engine/postgres/expression.go:121.3,121.17 1 0
github.com/nsxbet/sql-schema/util/engine/postgres/expression.go:123.2,123.13 1 1
github.com/nsxbet/sql-schema/util/engine/postgres/expression.go:129.84,136.2 3 1
github.com/nsxbet/sql-schema/util/engine/postgres/expression.go:140.47,149.32 5 1
github.com/nsxbet/sql-schema/util/engine/postgres/expression.go:149.32,151.20 2 1
github.com/nsxbet/sql-schema/util/engine/postgres/expression.go:151.20,154.24 2 1
github.com/nsxbet/sql-schema/util/engine/postgres/expression.go:154.24,156.5 1 1
github.com/nsxbet/sql-schema/util/engine/postgres/expression.go:156.10,158.5 1 1
github.com/nsxbet/sql-schema/util/engine/postgres/expression.go:162.2,162.15 1 1
github.com/nsxbet/sql-schema/util/engine/postgres/expression.go:167.60,169.34 1 1
github.com/nsxbet/sql-schema/util/engine/postgres/expression.go:169.34,171.3 1 0
github.com/nsxbet/sql-schema/util/engine/postgres/expression.go:174.2,174.36 1 1
github.com/nsxbet/sql-schema/util/engine/postgres/expression.go:174.36,175.43 1 1
github.com/nsxbet/sql-schema/util/engine/postgres/expression.go:175.43,177.4 1 1
github.com/nsxbet/sql-schema/util/engine/postgres/expression.go:180.2,180.13 1 0
github.com/nsxbet/sql-schema/util/engine/postgres/expression.go:185.46,187.22 1 1
github.com/nsxbet/sql-schema/util/engine/postgres/expression.go:187.22,189.3 1 1
github.com/nsxbet/sql-schema/util/engine/postgres/expression.go:192.2,192.44 1 1
github.com/nsxbet/sql-schema/util/engine/postgres/expression.go:192.44,194.3 1 0
github.com/nsxbet/sql-schema/util/engine/postgres/expression.go:197.2,197.46 1 1
github.com/nsxbet/sql-schema/util/engine/postgres/expression.go:197.46,199.3 1 1
github.com/nsxbet/sql-schema/util/engine/postgres/expression.go:201.2,201.14 1 1
github.com/nsxbet/sql-schema/util/engine/postgres/expression.go:205.35,218.2 2 1
github.com/nsxbet/sql-schema/util/engine/postgres/expression.go:221.36,223.31 2 1
github.com/nsxbet/sql-schema/util/engine/postgres/expression.go:223.31,224.18 1 1
github.com/nsxbet/sql-schema/util/engine/postgres/expression.go:224.18,226.4 1 1
github.com/nsxbet/sql-schema/util/engine/postgres/expression.go:228.2,228.14 1 1
github.com/nsxbet/sql-schema/util/engine/postgres/expression.go:232.42,234.30 1 1
github.com/nsxbet/sql-schema/util/engine/postgres/expression.go:234.30,236.3 1 0
github.com/nsxbet/sql-schema/util/engine/postgres/expression.go:237.2,237.11 1 1
github.com/nsxbet/sql-schema/util/engine/postgres/expression.go:244.45,250.2 3 0
github.com/nsxbet/sql-schema/util/engine/postgres/expression.go:253.46,268.2 10 1
github.com/nsxbet/sql-schema/util/engine/postgres/expression.go:272.79,275.2 2 0
github.com/nsxbet/sql-schema/util/engine/postgres/init.go:7.13,10.2 1 1
